Archive member included to satisfy reference by file (symbol)

c:/progra~1/raspbe~1/picosd~1.1/gcc-ar~1/bin/../lib/gcc/arm-none-eabi/10.3.1/thumb/v6-m/nofp\libgcc.a(_dvmd_tls.o)
                              CMakeFiles/base_pico.dir/C_/Program_Files/Raspberry_Pi/Pico_SDK_v1.5.1/pico-sdk/src/rp2_common/pico_divider/divider.S.obj (__aeabi_idiv0)
c:/progra~1/raspbe~1/picosd~1.1/gcc-ar~1/bin/../lib/gcc/arm-none-eabi/10.3.1/../../../../arm-none-eabi/lib/thumb/v6-m/nofp\libg.a(lib_a-calloc.o)
                              CMakeFiles/base_pico.dir/C_/Program_Files/Raspberry_Pi/Pico_SDK_v1.5.1/pico-sdk/src/rp2_common/pico_malloc/pico_malloc.c.obj (calloc)
c:/progra~1/raspbe~1/picosd~1.1/gcc-ar~1/bin/../lib/gcc/arm-none-eabi/10.3.1/../../../../arm-none-eabi/lib/thumb/v6-m/nofp\libg.a(lib_a-callocr.o)
                              c:/progra~1/raspbe~1/picosd~1.1/gcc-ar~1/bin/../lib/gcc/arm-none-eabi/10.3.1/../../../../arm-none-eabi/lib/thumb/v6-m/nofp\libg.a(lib_a-calloc.o) (_calloc_r)
c:/progra~1/raspbe~1/picosd~1.1/gcc-ar~1/bin/../lib/gcc/arm-none-eabi/10.3.1/../../../../arm-none-eabi/lib/thumb/v6-m/nofp\libg.a(lib_a-errno.o)
                              c:/progra~1/raspbe~1/picosd~1.1/gcc-ar~1/bin/../lib/gcc/arm-none-eabi/10.3.1/../../../../arm-none-eabi/lib/thumb/v6-m/nofp\libg.a(lib_a-callocr.o) (__errno)
c:/progra~1/raspbe~1/picosd~1.1/gcc-ar~1/bin/../lib/gcc/arm-none-eabi/10.3.1/../../../../arm-none-eabi/lib/thumb/v6-m/nofp\libg.a(lib_a-impure.o)
                              c:/progra~1/raspbe~1/picosd~1.1/gcc-ar~1/bin/../lib/gcc/arm-none-eabi/10.3.1/../../../../arm-none-eabi/lib/thumb/v6-m/nofp\libg.a(lib_a-calloc.o) (_impure_ptr)
c:/progra~1/raspbe~1/picosd~1.1/gcc-ar~1/bin/../lib/gcc/arm-none-eabi/10.3.1/../../../../arm-none-eabi/lib/thumb/v6-m/nofp\libg.a(lib_a-init.o)
                              c:/progra~1/raspbe~1/picosd~1.1/gcc-ar~1/bin/../lib/gcc/arm-none-eabi/10.3.1/../../../../arm-none-eabi/lib/thumb/v6-m/nofp/crt0.o (__libc_init_array)
c:/progra~1/raspbe~1/picosd~1.1/gcc-ar~1/bin/../lib/gcc/arm-none-eabi/10.3.1/../../../../arm-none-eabi/lib/thumb/v6-m/nofp\libg.a(lib_a-malloc.o)
                              CMakeFiles/base_pico.dir/C_/Program_Files/Raspberry_Pi/Pico_SDK_v1.5.1/pico-sdk/src/rp2_common/pico_malloc/pico_malloc.c.obj (malloc)
c:/progra~1/raspbe~1/picosd~1.1/gcc-ar~1/bin/../lib/gcc/arm-none-eabi/10.3.1/../../../../arm-none-eabi/lib/thumb/v6-m/nofp\libg.a(lib_a-mallocr.o)
                              c:/progra~1/raspbe~1/picosd~1.1/gcc-ar~1/bin/../lib/gcc/arm-none-eabi/10.3.1/../../../../arm-none-eabi/lib/thumb/v6-m/nofp\libg.a(lib_a-callocr.o) (_malloc_r)
c:/progra~1/raspbe~1/picosd~1.1/gcc-ar~1/bin/../lib/gcc/arm-none-eabi/10.3.1/../../../../arm-none-eabi/lib/thumb/v6-m/nofp\libg.a(lib_a-mlock.o)
                              c:/progra~1/raspbe~1/picosd~1.1/gcc-ar~1/bin/../lib/gcc/arm-none-eabi/10.3.1/../../../../arm-none-eabi/lib/thumb/v6-m/nofp\libg.a(lib_a-mallocr.o) (__malloc_lock)
c:/progra~1/raspbe~1/picosd~1.1/gcc-ar~1/bin/../lib/gcc/arm-none-eabi/10.3.1/../../../../arm-none-eabi/lib/thumb/v6-m/nofp\libg.a(lib_a-realloc.o)
                              CMakeFiles/base_pico.dir/C_/Program_Files/Raspberry_Pi/Pico_SDK_v1.5.1/pico-sdk/src/rp2_common/pico_malloc/pico_malloc.c.obj (realloc)
c:/progra~1/raspbe~1/picosd~1.1/gcc-ar~1/bin/../lib/gcc/arm-none-eabi/10.3.1/../../../../arm-none-eabi/lib/thumb/v6-m/nofp\libg.a(lib_a-reallocr.o)
                              c:/progra~1/raspbe~1/picosd~1.1/gcc-ar~1/bin/../lib/gcc/arm-none-eabi/10.3.1/../../../../arm-none-eabi/lib/thumb/v6-m/nofp\libg.a(lib_a-realloc.o) (_realloc_r)
c:/progra~1/raspbe~1/picosd~1.1/gcc-ar~1/bin/../lib/gcc/arm-none-eabi/10.3.1/../../../../arm-none-eabi/lib/thumb/v6-m/nofp\libg.a(lib_a-sbrkr.o)
                              c:/progra~1/raspbe~1/picosd~1.1/gcc-ar~1/bin/../lib/gcc/arm-none-eabi/10.3.1/../../../../arm-none-eabi/lib/thumb/v6-m/nofp\libg.a(lib_a-mallocr.o) (_sbrk_r)
c:/progra~1/raspbe~1/picosd~1.1/gcc-ar~1/bin/../lib/gcc/arm-none-eabi/10.3.1/../../../../arm-none-eabi/lib/thumb/v6-m/nofp\libg.a(lib_a-strlen-stub.o)
                              CMakeFiles/base_pico.dir/C_/Program_Files/Raspberry_Pi/Pico_SDK_v1.5.1/pico-sdk/src/rp2_common/pico_stdio/stdio.c.obj (strlen)
c:/progra~1/raspbe~1/picosd~1.1/gcc-ar~1/bin/../lib/gcc/arm-none-eabi/10.3.1/../../../../arm-none-eabi/lib/thumb/v6-m/nofp\libg.a(lib_a-freer.o)
                              c:/progra~1/raspbe~1/picosd~1.1/gcc-ar~1/bin/../lib/gcc/arm-none-eabi/10.3.1/../../../../arm-none-eabi/lib/thumb/v6-m/nofp\libg.a(lib_a-malloc.o) (_free_r)
c:/progra~1/raspbe~1/picosd~1.1/gcc-ar~1/bin/../lib/gcc/arm-none-eabi/10.3.1/../../../../arm-none-eabi/lib/thumb/v6-m/nofp\libg.a(lib_a-lock.o)
                              c:/progra~1/raspbe~1/picosd~1.1/gcc-ar~1/bin/../lib/gcc/arm-none-eabi/10.3.1/../../../../arm-none-eabi/lib/thumb/v6-m/nofp\libg.a(lib_a-mlock.o) (__retarget_lock_acquire_recursive)
[...]
Memory Configuration

Name             Origin             Length             Attributes
FLASH            0x10000000         0x00200000         xr
RAM              0x20000000         0x00040000         xrw
SCRATCH_X        0x20040000         0x00001000         xrw
SCRATCH_Y        0x20041000         0x00001000         xrw
*default*        0x00000000         0xffffffff

Linker script and memory map

LOAD c:/progra~1/raspbe~1/picosd~1.1/gcc-ar~1/bin/../lib/gcc/arm-none-eabi/10.3.1/thumb/v6-m/nofp/crti.o
LOAD c:/progra~1/raspbe~1/picosd~1.1/gcc-ar~1/bin/../lib/gcc/arm-none-eabi/10.3.1/thumb/v6-m/nofp/crtbegin.o
LOAD c:/progra~1/raspbe~1/picosd~1.1/gcc-ar~1/bin/../lib/gcc/arm-none-eabi/10.3.1/../../../../arm-none-eabi/lib/thumb/v6-m/nofp/crt0.o

.flash_begin    0x10000000        0x0
                0x10000000                __flash_binary_start = .

.boot2          0x10000000      0x100
                0x10000000                __boot2_start__ = .
 *(.boot2)
 .boot2         0x10000000      0x100 C:\Users\Ale\AppData\Local\Temp\ccESjzDt.o
                0x10000100                __boot2_end__ = .
                0x00000001                ASSERT (((__boot2_end__ - __boot2_start__) == 0x100), ERROR: Pico second stage bootloader must be 256 bytes in size)

.text           0x10000100     0x4540
                0x10000100                __logical_binary_start = .
 *(.vectors)
 .vectors       0x10000100       0xd4 CMakeFiles/base_pico.dir/C_/Program_Files/Raspberry_Pi/Pico_SDK_v1.5.1/pico-sdk/src/rp2_common/pico_standard_link/crt0.S.obj
                0x10000100                __vectors
                0x10000100                __VECTOR_TABLE
                0x100001c0                isr_invalid
                0x100001c0                __default_isrs_start
                0x100001c2                isr_nmi
                0x100001c4                isr_hardfault
                0x100001c6                isr_svcall
                0x100001c8                isr_pendsv
                0x100001cc                isr_irq23
                0x100001cc                isr_irq18
                0x100001cc                isr_irq5
                0x100001cc                isr_irq11
                0x100001cc                isr_irq28
                0x100001cc                isr_irq19
                0x100001cc                isr_irq0
                0x100001cc                isr_irq6
                0x100001cc                isr_irq31
                0x100001cc                isr_irq27
                0x100001cc                isr_irq22
                0x100001cc                isr_irq13
                0x100001cc                isr_irq17
                0x100001cc                isr_irq14
                0x100001cc                __unhandled_user_irq
                0x100001cc                isr_irq2
                0x100001cc                isr_irq10
                0x100001cc                isr_irq8
                0x100001cc                isr_irq24
                0x100001cc                isr_irq1
                0x100001cc                isr_irq7
                0x100001cc                isr_irq21
                0x100001cc                isr_irq20
                0x100001cc                isr_irq15
                0x100001cc                isr_irq25
                0x100001cc                isr_irq12
                0x100001cc                isr_irq30
                0x100001cc                isr_irq4
                0x100001cc                isr_irq16
                0x100001cc                isr_irq29
                0x100001cc                isr_irq26
                0x100001cc                __default_isrs_end
                0x100001cc                isr_irq3
                0x100001cc                isr_irq9
                0x100001d2                unhandled_user_irq_num_in_r0
 *(.binary_info_header)
 .binary_info_header
                0x100001d4       0x14 CMakeFiles/base_pico.dir/C_/Program_Files/Raspberry_Pi/Pico_SDK_v1.5.1/pico-sdk/src/rp2_common/pico_standard_link/crt0.S.obj
                0x100001e8                __binary_info_header_end = .
 *(.reset)
 .reset         0x100001e8       0xa0 CMakeFiles/base_pico.dir/C_/Program_Files/Raspberry_Pi/Pico_SDK_v1.5.1/pico-sdk/src/rp2_common/pico_standard_link/crt0.S.obj
                0x100001e8                _entry_point
 .reset         0x10000288       0x30 CMakeFiles/base_pico.dir/C_/Program_Files/Raspberry_Pi/Pico_SDK_v1.5.1/pico-sdk/src/rp2_common/pico_standard_link/binary_info.c.obj
 *(.init)
 .init          0x100002b8        0x4 c:/progra~1/raspbe~1/picosd~1.1/gcc-ar~1/bin/../lib/gcc/arm-none-eabi/10.3.1/thumb/v6-m/nofp/crti.o
                0x100002b8                _init
 *(EXCLUDE_FILE(*libm.a: *libc.a:*lib_a-mem*.o *libgcc.a:) .text*)
 .text          0x100002bc       0x48 c:/progra~1/raspbe~1/picosd~1.1/gcc-ar~1/bin/../lib/gcc/arm-none-eabi/10.3.1/thumb/v6-m/nofp/crtbegin.o
 .text.main     0x10000304       0xd4 CMakeFiles/base_pico.dir/main.c.obj
                0x10000304                main
 .text.init_systick
                0x100003d8       0x18 CMakeFiles/base_pico.dir/systick.c.obj
                0x100003d8                init_systick
 .text.isr_systick
                0x100003f0       0x10 CMakeFiles/base_pico.dir/systick.c.obj
                0x100003f0                isr_systick
 .text.gpio_set_function
                0x10000400       0x30 CMakeFiles/base_pico.dir/C_/Program_Files/Raspberry_Pi/Pico_SDK_v1.5.1/pico-sdk/src/rp2_common/hardware_gpio/gpio.c.obj
                0x10000400                gpio_set_function
 .text.gpio_set_pulls
                0x10000430       0x34 CMakeFiles/base_pico.dir/C_/Program_Files/Raspberry_Pi/Pico_SDK_v1.5.1/pico-sdk/src/rp2_common/hardware_gpio/gpio.c.obj
                0x10000430                gpio_set_pulls
 .text.running_on_fpga
                0x10000464       0x14 CMakeFiles/base_pico.dir/C_/Program_Files/Raspberry_Pi/Pico_SDK_v1.5.1/pico-sdk/src/rp2_common/pico_platform/platform.c.obj
                0x10000464                running_on_fpga
 .text.hw_claim_lock
                0x10000478       0x18 CMakeFiles/base_pico.dir/C_/Program_Files/Raspberry_Pi/Pico_SDK_v1.5.1/pico-sdk/src/rp2_common/hardware_claim/claim.c.obj
                0x10000478                hw_claim_lock
 .text.hw_claim_unlock
                0x10000490       0x14 CMakeFiles/base_pico.dir/C_/Program_Files/Raspberry_Pi/Pico_SDK_v1.5.1/pico-sdk/src/rp2_common/hardware_claim/claim.c.obj
                0x10000490                hw_claim_unlock
 .text.hw_claim_or_assert
                0x100004a4       0x32 CMakeFiles/base_pico.dir/C_/Program_Files/Raspberry_Pi/Pico_SDK_v1.5.1/pico-sdk/src/rp2_common/hardware_claim/claim.c.obj
                0x100004a4                hw_claim_or_assert
 *fill*         0x100004d6        0x2 
 .text.spin_locks_reset
                0x100004d8       0x20 CMakeFiles/base_pico.dir/C_/Program_Files/Raspberry_Pi/Pico_SDK_v1.5.1/pico-sdk/src/rp2_common/hardware_sync/sync.c.obj
                0x100004d8                spin_locks_reset
 .text.next_striped_spin_lock_num
                0x100004f8       0x1c CMakeFiles/base_pico.dir/C_/Program_Files/Raspberry_Pi/Pico_SDK_v1.5.1/pico-sdk/src/rp2_common/hardware_sync/sync.c.obj
                0x100004f8                next_striped_spin_lock_num
 .text.set_raw_irq_handler_and_unlock
                0x10000514       0x28 CMakeFiles/base_pico.dir/C_/Program_Files/Raspberry_Pi/Pico_SDK_v1.5.1/pico-sdk/src/rp2_common/hardware_irq/irq.c.obj
 .text.make_branch
                0x1000053c       0x48 CMakeFiles/base_pico.dir/C_/Program_Files/Raspberry_Pi/Pico_SDK_v1.5.1/pico-sdk/src/rp2_common/hardware_irq/irq.c.obj
 .text.insert_branch_and_link
                0x10000584       0x40 CMakeFiles/base_pico.dir/C_/Program_Files/Raspberry_Pi/Pico_SDK_v1.5.1/pico-sdk/src/rp2_common/hardware_irq/irq.c.obj
 .text.irq_is_enabled
                0x100005c4       0x18 CMakeFiles/base_pico.dir/C_/Program_Files/Raspberry_Pi/Pico_SDK_v1.5.1/pico-sdk/src/rp2_common/hardware_irq/irq.c.obj
                0x100005c4                irq_is_enabled
 .text.irq_set_mask_enabled
                0x100005dc       0x20 CMakeFiles/base_pico.dir/C_/Program_Files/Raspberry_Pi/Pico_SDK_v1.5.1/pico-sdk/src/rp2_common/hardware_irq/irq.c.obj
                0x100005dc                irq_set_mask_enabled
 .text.irq_set_enabled
                0x100005fc        0xe CMakeFiles/base_pico.dir/C_/Program_Files/Raspberry_Pi/Pico_SDK_v1.5.1/pico-sdk/src/rp2_common/hardware_irq/irq.c.obj
                0x100005fc                irq_set_enabled
 *fill*         0x1000060a        0x2 
 .text.irq_get_vtable_handler
                0x1000060c       0x10 CMakeFiles/base_pico.dir/C_/Program_Files/Raspberry_Pi/Pico_SDK_v1.5.1/pico-sdk/src/rp2_common/hardware_irq/irq.c.obj
                0x1000060c                irq_get_vtable_handler
 .text.irq_set_exclusive_handler
                0x1000061c       0x54 CMakeFiles/base_pico.dir/C_/Program_Files/Raspberry_Pi/Pico_SDK_v1.5.1/pico-sdk/src/rp2_common/hardware_irq/irq.c.obj
                0x1000061c                irq_set_exclusive_handler
 .text.irq_remove_handler
                0x10000670      0x1ac CMakeFiles/base_pico.dir/C_/Program_Files/Raspberry_Pi/Pico_SDK_v1.5.1/pico-sdk/src/rp2_common/hardware_irq/irq.c.obj
                0x10000670                irq_remove_handler
 .text.irq_add_tail_to_free_list
                0x1000081c       0xf0 CMakeFiles/base_pico.dir/C_/Program_Files/Raspberry_Pi/Pico_SDK_v1.5.1/pico-sdk/src/rp2_common/hardware_irq/irq.c.obj
                0x1000081c                irq_add_tail_to_free_list
 .text.irq_init_priorities
                0x1000090c       0x1c CMakeFiles/base_pico.dir/C_/Program_Files/Raspberry_Pi/Pico_SDK_v1.5.1/pico-sdk/src/rp2_common/hardware_irq/irq.c.obj
                0x1000090c                irq_init_priorities
 .text.lock_init
                0x10000928       0x10 CMakeFiles/base_pico.dir/C_/Program_Files/Raspberry_Pi/Pico_SDK_v1.5.1/pico-sdk/src/common/pico_sync/lock_core.c.obj
                0x10000928                lock_init
 .text.mutex_init
                0x10000938       0x1a CMakeFiles/base_pico.dir/C_/Program_Files/Raspberry_Pi/Pico_SDK_v1.5.1/pico-sdk/src/common/pico_sync/mutex.c.obj
                0x10000938                mutex_init
 .text.recursive_mutex_init
                0x10000952       0x1e CMakeFiles/base_pico.dir/C_/Program_Files/Raspberry_Pi/Pico_SDK_v1.5.1/pico-sdk/src/common/pico_sync/mutex.c.obj
                0x10000952                recursive_mutex_init
 .text.alarm_pool_post_alloc_init
                0x10000970       0x40 CMakeFiles/base_pico.dir/C_/Program_Files/Raspberry_Pi/Pico_SDK_v1.5.1/pico-sdk/src/common/pico_time/time.c.obj
 .text.sleep_until_callback
                0x100009b0       0x30 CMakeFiles/base_pico.dir/C_/Program_Files/Raspberry_Pi/Pico_SDK_v1.5.1/pico-sdk/src/common/pico_time/time.c.obj
 .text.timer_pool_entry_comparator
                0x100009e0       0x7c CMakeFiles/base_pico.dir/C_/Program_Files/Raspberry_Pi/Pico_SDK_v1.5.1/pico-sdk/src/common/pico_time/time.c.obj
                0x100009e0                timer_pool_entry_comparator
 .text.ph_add_child_node
                0x10000a5c       0xa4 CMakeFiles/base_pico.dir/C_/Program_Files/Raspberry_Pi/Pico_SDK_v1.5.1/pico-sdk/src/common/pico_time/time.c.obj
 .text.ph_merge_nodes
                0x10000b00       0x3e CMakeFiles/base_pico.dir/C_/Program_Files/Raspberry_Pi/Pico_SDK_v1.5.1/pico-sdk/src/common/pico_time/time.c.obj
 *fill*         0x10000b3e        0x2 
 .text.add_alarm_under_lock
                0x10000b40      0x174 CMakeFiles/base_pico.dir/C_/Program_Files/Raspberry_Pi/Pico_SDK_v1.5.1/pico-sdk/src/common/pico_time/time.c.obj
 .text.alarm_pool_alarm_callback
                0x10000cb4      0x33c CMakeFiles/base_pico.dir/C_/Program_Files/Raspberry_Pi/Pico_SDK_v1.5.1/pico-sdk/src/common/pico_time/time.c.obj
 .text.alarm_pool_init_default
                0x10000ff0       0x40 CMakeFiles/base_pico.dir/C_/Program_Files/Raspberry_Pi/Pico_SDK_v1.5.1/pico-sdk/src/common/pico_time/time.c.obj
                0x10000ff0                alarm_pool_init_default
 .text.alarm_pool_get_default
                0x10001030       0x2c CMakeFiles/base_pico.dir/C_/Program_Files/Raspberry_Pi/Pico_SDK_v1.5.1/pico-sdk/src/common/pico_time/time.c.obj
                0x10001030                alarm_pool_get_default
 .text.alarm_pool_add_alarm_at
                0x1000105c      0x168 CMakeFiles/base_pico.dir/C_/Program_Files/Raspberry_Pi/Pico_SDK_v1.5.1/pico-sdk/src/common/pico_time/time.c.obj
                0x1000105c                alarm_pool_add_alarm_at
 .text.alarm_pool_cancel_alarm
                0x100011c4       0xf8 CMakeFiles/base_pico.dir/C_/Program_Files/Raspberry_Pi/Pico_SDK_v1.5.1/pico-sdk/src/common/pico_time/time.c.obj
                0x100011c4                alarm_pool_cancel_alarm
 .text.best_effort_wfe_or_timeout
                0x100012bc       0xac CMakeFiles/base_pico.dir/C_/Program_Files/Raspberry_Pi/Pico_SDK_v1.5.1/pico-sdk/src/common/pico_time/time.c.obj
                0x100012bc                best_effort_wfe_or_timeout
 .text.hardware_alarm_irq_handler
                0x10001368       0x90 CMakeFiles/base_pico.dir/C_/Program_Files/Raspberry_Pi/Pico_SDK_v1.5.1/pico-sdk/src/rp2_common/hardware_timer/timer.c.obj
 .text.hardware_alarm_claim
                0x100013f8       0x18 CMakeFiles/base_pico.dir/C_/Program_Files/Raspberry_Pi/Pico_SDK_v1.5.1/pico-sdk/src/rp2_common/hardware_timer/timer.c.obj
                0x100013f8                hardware_alarm_claim
 .text.time_us_64
                0x10001410       0x18 CMakeFiles/base_pico.dir/C_/Program_Files/Raspberry_Pi/Pico_SDK_v1.5.1/pico-sdk/src/rp2_common/hardware_timer/timer.c.obj
                0x10001410                time_us_64
 .text.busy_wait_until
                0x10001428       0x28 CMakeFiles/base_pico.dir/C_/Program_Files/Raspberry_Pi/Pico_SDK_v1.5.1/pico-sdk/src/rp2_common/hardware_timer/timer.c.obj
                0x10001428                busy_wait_until
 .text.busy_wait_us
                0x10001450       0x48 CMakeFiles/base_pico.dir/C_/Program_Files/Raspberry_Pi/Pico_SDK_v1.5.1/pico-sdk/src/rp2_common/hardware_timer/timer.c.obj
                0x10001450                busy_wait_us
 .text.hardware_alarm_set_callback
                0x10001498       0x90 CMakeFiles/base_pico.dir/C_/Program_Files/Raspberry_Pi/Pico_SDK_v1.5.1/pico-sdk/src/rp2_common/hardware_timer/timer.c.obj
                0x10001498                hardware_alarm_set_callback
 .text.hardware_alarm_set_target
                0x10001528       0xe8 CMakeFiles/base_pico.dir/C_/Program_Files/Raspberry_Pi/Pico_SDK_v1.5.1/pico-sdk/src/rp2_common/hardware_timer/timer.c.obj
                0x10001528                hardware_alarm_set_target
 .text.hardware_alarm_cancel
                0x10001610       0x40 CMakeFiles/base_pico.dir/C_/Program_Files/Raspberry_Pi/Pico_SDK_v1.5.1/pico-sdk/src/rp2_common/hardware_timer/timer.c.obj
                0x10001610                hardware_alarm_cancel
 .text.ph_add_child_node
                0x10001650       0xa4 CMakeFiles/base_pico.dir/C_/Program_Files/Raspberry_Pi/Pico_SDK_v1.5.1/pico-sdk/src/common/pico_util/pheap.c.obj
 .text.ph_merge_nodes
                0x100016f4       0x3e CMakeFiles/base_pico.dir/C_/Program_Files/Raspberry_Pi/Pico_SDK_v1.5.1/pico-sdk/src/common/pico_util/pheap.c.obj
 *fill*         0x10001732        0x2 
 .text.ph_clear
                0x10001734       0x70 CMakeFiles/base_pico.dir/C_/Program_Files/Raspberry_Pi/Pico_SDK_v1.5.1/pico-sdk/src/common/pico_util/pheap.c.obj
                0x10001734                ph_clear
 .text.ph_post_alloc_init
                0x100017a4        0xe CMakeFiles/base_pico.dir/C_/Program_Files/Raspberry_Pi/Pico_SDK_v1.5.1/pico-sdk/src/common/pico_util/pheap.c.obj
                0x100017a4                ph_post_alloc_init
 *fill*         0x100017b2        0x2 
 .text.ph_merge_two_pass
                0x100017b4       0xa8 CMakeFiles/base_pico.dir/C_/Program_Files/Raspberry_Pi/Pico_SDK_v1.5.1/pico-sdk/src/common/pico_util/pheap.c.obj
                0x100017b4                ph_merge_two_pass
 .text.ph_remove_any_head
                0x1000185c      0x128 CMakeFiles/base_pico.dir/C_/Program_Files/Raspberry_Pi/Pico_SDK_v1.5.1/pico-sdk/src/common/pico_util/pheap.c.obj
 .text.ph_remove_head
                0x10001984       0x14 CMakeFiles/base_pico.dir/C_/Program_Files/Raspberry_Pi/Pico_SDK_v1.5.1/pico-sdk/src/common/pico_util/pheap.c.obj
                0x10001984                ph_remove_head
 .text.ph_remove_and_free_node
                0x10001998       0xf8 CMakeFiles/base_pico.dir/C_/Program_Files/Raspberry_Pi/Pico_SDK_v1.5.1/pico-sdk/src/common/pico_util/pheap.c.obj
                0x10001998                ph_remove_and_free_node
 .text.uart_disable_before_lcr_write
                0x10001a90       0x48 CMakeFiles/base_pico.dir/C_/Program_Files/Raspberry_Pi/Pico_SDK_v1.5.1/pico-sdk/src/rp2_common/hardware_uart/uart.c.obj
 .text.uart_write_lcr_bits_masked
                0x10001ad8       0x22 CMakeFiles/base_pico.dir/C_/Program_Files/Raspberry_Pi/Pico_SDK_v1.5.1/pico-sdk/src/rp2_common/hardware_uart/uart.c.obj
 *fill*         0x10001afa        0x2 
 .text.uart_set_baudrate
                0x10001afc       0x5c CMakeFiles/base_pico.dir/C_/Program_Files/Raspberry_Pi/Pico_SDK_v1.5.1/pico-sdk/src/rp2_common/hardware_uart/uart.c.obj
                0x10001afc                uart_set_baudrate
 .text.uart_set_format
                0x10001b58       0x2c CMakeFiles/base_pico.dir/C_/Program_Files/Raspberry_Pi/Pico_SDK_v1.5.1/pico-sdk/src/rp2_common/hardware_uart/uart.c.obj
                0x10001b58                uart_set_format
 .text.uart_set_translate_crlf
                0x10001b84       0x28 CMakeFiles/base_pico.dir/C_/Program_Files/Raspberry_Pi/Pico_SDK_v1.5.1/pico-sdk/src/rp2_common/hardware_uart/uart.c.obj
                0x10001b84                uart_set_translate_crlf
 .text.uart_init
                0x10001bac       0x80 CMakeFiles/base_pico.dir/C_/Program_Files/Raspberry_Pi/Pico_SDK_v1.5.1/pico-sdk/src/rp2_common/hardware_uart/uart.c.obj
                0x10001bac                uart_init
 .text.clock_configure
                0x10001c2c      0x108 CMakeFiles/base_pico.dir/C_/Program_Files/Raspberry_Pi/Pico_SDK_v1.5.1/pico-sdk/src/rp2_common/hardware_clocks/clocks.c.obj
                0x10001c2c                clock_configure
 .text.clocks_init
                0x10001d34      0x100 CMakeFiles/base_pico.dir/C_/Program_Files/Raspberry_Pi/Pico_SDK_v1.5.1/pico-sdk/src/rp2_common/hardware_clocks/clocks.c.obj
                0x10001d34                clocks_init
 .text.clock_get_hz
                0x10001e34        0xc CMakeFiles/base_pico.dir/C_/Program_Files/Raspberry_Pi/Pico_SDK_v1.5.1/pico-sdk/src/rp2_common/hardware_clocks/clocks.c.obj
                0x10001e34                clock_get_hz
 .text.pll_init
                0x10001e40      0x120 CMakeFiles/base_pico.dir/C_/Program_Files/Raspberry_Pi/Pico_SDK_v1.5.1/pico-sdk/src/rp2_common/hardware_pll/pll.c.obj
                0x10001e40                pll_init
 .text.watchdog_start_tick
                0x10001f60       0x10 CMakeFiles/base_pico.dir/C_/Program_Files/Raspberry_Pi/Pico_SDK_v1.5.1/pico-sdk/src/rp2_common/hardware_watchdog/watchdog.c.obj
                0x10001f60                watchdog_start_tick
 .text.xosc_init
                0x10001f70       0x28 CMakeFiles/base_pico.dir/C_/Program_Files/Raspberry_Pi/Pico_SDK_v1.5.1/pico-sdk/src/rp2_common/hardware_xosc/xosc.c.obj
                0x10001f70                xosc_init
 .text._exit    0x10001f98        0x4 CMakeFiles/base_pico.dir/C_/Program_Files/Raspberry_Pi/Pico_SDK_v1.5.1/pico-sdk/src/rp2_common/pico_runtime/runtime.c.obj
                0x10001f98                _exit
 .text.exit     0x10001f9c        0x6 CMakeFiles/base_pico.dir/C_/Program_Files/Raspberry_Pi/Pico_SDK_v1.5.1/pico-sdk/src/rp2_common/pico_runtime/runtime.c.obj
                0x10001f9c                exit
 *fill*         0x10001fa2        0x2 
 .text.__assert_func
                0x10001fa4       0x3c CMakeFiles/base_pico.dir/C_/Program_Files/Raspberry_Pi/Pico_SDK_v1.5.1/pico-sdk/src/rp2_common/pico_runtime/runtime.c.obj
                0x10001fa4                __assert_func
 .text.runtime_init
                0x10001fe0       0xf8 CMakeFiles/base_pico.dir/C_/Program_Files/Raspberry_Pi/Pico_SDK_v1.5.1/pico-sdk/src/rp2_common/pico_runtime/runtime.c.obj
                0x10001fe0                runtime_init
 .text.panic    0x100020d8       0x30 CMakeFiles/base_pico.dir/C_/Program_Files/Raspberry_Pi/Pico_SDK_v1.5.1/pico-sdk/src/rp2_common/pico_runtime/runtime.c.obj
                0x100020d8                panic
 .text._out_null
                0x10002108        0x2 CMakeFiles/base_pico.dir/C_/Program_Files/Raspberry_Pi/Pico_SDK_v1.5.1/pico-sdk/src/rp2_common/pico_printf/printf.c.obj
 .text._out_fct
                0x1000210a        0xe CMakeFiles/base_pico.dir/C_/Program_Files/Raspberry_Pi/Pico_SDK_v1.5.1/pico-sdk/src/rp2_common/pico_printf/printf.c.obj
 .text._atoi    0x10002118       0x24 CMakeFiles/base_pico.dir/C_/Program_Files/Raspberry_Pi/Pico_SDK_v1.5.1/pico-sdk/src/rp2_common/pico_printf/printf.c.obj
 .text._out_rev
                0x1000213c       0xae CMakeFiles/base_pico.dir/C_/Program_Files/Raspberry_Pi/Pico_SDK_v1.5.1/pico-sdk/src/rp2_common/pico_printf/printf.c.obj
 .text._ntoa_format
                0x100021ea      0x112 CMakeFiles/base_pico.dir/C_/Program_Files/Raspberry_Pi/Pico_SDK_v1.5.1/pico-sdk/src/rp2_common/pico_printf/printf.c.obj
 .text._ntoa_long
                0x100022fc       0xbc CMakeFiles/base_pico.dir/C_/Program_Files/Raspberry_Pi/Pico_SDK_v1.5.1/pico-sdk/src/rp2_common/pico_printf/printf.c.obj
 .text._ntoa_long_long
                0x100023b8       0xe2 CMakeFiles/base_pico.dir/C_/Program_Files/Raspberry_Pi/Pico_SDK_v1.5.1/pico-sdk/src/rp2_common/pico_printf/printf.c.obj
 *fill*         0x1000249a        0x2 
 .text._etoa    0x1000249c      0x414 CMakeFiles/base_pico.dir/C_/Program_Files/Raspberry_Pi/Pico_SDK_v1.5.1/pico-sdk/src/rp2_common/pico_printf/printf.c.obj
 .text._ftoa    0x100028b0      0x354 CMakeFiles/base_pico.dir/C_/Program_Files/Raspberry_Pi/Pico_SDK_v1.5.1/pico-sdk/src/rp2_common/pico_printf/printf.c.obj
 .text._vsnprintf
                0x10002c04      0x624 CMakeFiles/base_pico.dir/C_/Program_Files/Raspberry_Pi/Pico_SDK_v1.5.1/pico-sdk/src/rp2_common/pico_printf/printf.c.obj
 .text.vfctprintf
                0x10003228       0x20 CMakeFiles/base_pico.dir/C_/Program_Files/Raspberry_Pi/Pico_SDK_v1.5.1/pico-sdk/src/rp2_common/pico_printf/printf.c.obj
                0x10003228                vfctprintf
 .text          0x10003248       0x10 CMakeFiles/base_pico.dir/C_/Program_Files/Raspberry_Pi/Pico_SDK_v1.5.1/pico-sdk/src/rp2_common/pico_bit_ops/bit_ops_aeabi.S.obj
 .text.rom_func_lookup
                0x10003258       0x10 CMakeFiles/base_pico.dir/C_/Program_Files/Raspberry_Pi/Pico_SDK_v1.5.1/pico-sdk/src/rp2_common/pico_bootrom/bootrom.c.obj
                0x10003258                rom_func_lookup
 .text.rom_data_lookup
                0x10003268       0x10 CMakeFiles/base_pico.dir/C_/Program_Files/Raspberry_Pi/Pico_SDK_v1.5.1/pico-sdk/src/rp2_common/pico_bootrom/bootrom.c.obj
                0x10003268                rom_data_lookup
 .text.rom_funcs_lookup
                0x10003278       0x36 CMakeFiles/base_pico.dir/C_/Program_Files/Raspberry_Pi/Pico_SDK_v1.5.1/pico-sdk/src/rp2_common/pico_bootrom/bootrom.c.obj
                0x10003278                rom_funcs_lookup
 *fill*         0x100032ae        0x2 
 .text.__wrap___aeabi_idiv
                0x100032b0       0x50 CMakeFiles/base_pico.dir/C_/Program_Files/Raspberry_Pi/Pico_SDK_v1.5.1/pico-sdk/src/rp2_common/pico_divider/divider.S.obj
                0x100032b0                __wrap___aeabi_idivmod
                0x100032b0                divmod_s32s32
                0x100032b0                div_s32s32
                0x100032b0                __wrap___aeabi_idiv
                0x100032b8                divmod_s32s32_unsafe
                0x100032e4                divmod_s32s32_savestate
 .text.__wrap___aeabi_uidiv
                0x10003300       0x4c CMakeFiles/base_pico.dir/C_/Program_Files/Raspberry_Pi/Pico_SDK_v1.5.1/pico-sdk/src/rp2_common/pico_divider/divider.S.obj
                0x10003300                __wrap___aeabi_uidiv
                0x10003300                __wrap___aeabi_uidivmod
                0x10003300                div_u32u32
                0x10003300                divmod_u32u32
                0x10003308                divmod_u32u32_unsafe
                0x10003330                divmod_u32u32_savestate
 .text.__wrap___aeabi_ldiv
                0x1000334c      0x424 CMakeFiles/base_pico.dir/C_/Program_Files/Raspberry_Pi/Pico_SDK_v1.5.1/pico-sdk/src/rp2_common/pico_divider/divider.S.obj
                0x1000334c                div_s64s64
                0x1000334c                divmod_s64s64
                0x1000334c                __wrap___aeabi_ldivmod
                0x1000337c                divmod_u64u64
                0x1000337c                div_u64u64
                0x1000337c                __wrap___aeabi_uldivmod
                0x1000338c                divmod_u64u64_savestate
                0x100033ac                divmod_s64s64_unsafe
                0x10003434                divmod_u64u64_unsafe
 .text.__wrap___aeabi_darithmetic
                0x10003770       0x80 CMakeFiles/base_pico.dir/C_/Program_Files/Raspberry_Pi/Pico_SDK_v1.5.1/pico-sdk/src/rp2_common/pico_double/double_aeabi.S.obj
                0x10003770                __wrap___aeabi_drsub
                0x10003776                __wrap___aeabi_dsub
                0x10003788                __wrap___aeabi_dadd
                0x1000379a                __wrap___aeabi_ddiv
                0x100037d6                __wrap___aeabi_dmul
 .text.__wrap___aeabi_cdcmple
                0x100037f0       0x6c CMakeFiles/base_pico.dir/C_/Program_Files/Raspberry_Pi/Pico_SDK_v1.5.1/pico-sdk/src/rp2_common/pico_double/double_aeabi.S.obj
                0x100037f0                __wrap___aeabi_cdrcmple
                0x10003800                __wrap___aeabi_cdcmpeq
                0x10003800                __wrap___aeabi_cdcmple
 .text.__wrap___aeabi_dcmplt
                0x1000385c        0xc CMakeFiles/base_pico.dir/C_/Program_Files/Raspberry_Pi/Pico_SDK_v1.5.1/pico-sdk/src/rp2_common/pico_double/double_aeabi.S.obj
                0x1000385c                __wrap___aeabi_dcmplt
 .text.__wrap___aeabi_dcmple
                0x10003868       0x10 CMakeFiles/base_pico.dir/C_/Program_Files/Raspberry_Pi/Pico_SDK_v1.5.1/pico-sdk/src/rp2_common/pico_double/double_aeabi.S.obj
                0x10003868                __wrap___aeabi_dcmple
 .text.__wrap___aeabi_dcmpge
                0x10003878       0x10 CMakeFiles/base_pico.dir/C_/Program_Files/Raspberry_Pi/Pico_SDK_v1.5.1/pico-sdk/src/rp2_common/pico_double/double_aeabi.S.obj
                0x10003878                __wrap___aeabi_dcmpge
 .text.__wrap___aeabi_dcmpgt
                0x10003888        0xa CMakeFiles/base_pico.dir/C_/Program_Files/Raspberry_Pi/Pico_SDK_v1.5.1/pico-sdk/src/rp2_common/pico_double/double_aeabi.S.obj
                0x10003888                __wrap___aeabi_dcmpgt
 .text.__wrap___aeabi_dcmpun
                0x10003892       0x1c CMakeFiles/base_pico.dir/C_/Program_Files/Raspberry_Pi/Pico_SDK_v1.5.1/pico-sdk/src/rp2_common/pico_double/double_aeabi.S.obj
                0x10003892                __wrap___aeabi_dcmpun
 *fill*         0x100038ae        0x2 
 .text.__wrap___aeabi_i2d
                0x100038b0       0x38 CMakeFiles/base_pico.dir/C_/Program_Files/Raspberry_Pi/Pico_SDK_v1.5.1/pico-sdk/src/rp2_common/pico_double/double_aeabi.S.obj
                0x100038b0                __wrap___aeabi_ui2d
                0x100038b8                __wrap___aeabi_i2d
 .text.__wrap___aeabi_d2iz
                0x100038e8       0x48 CMakeFiles/base_pico.dir/C_/Program_Files/Raspberry_Pi/Pico_SDK_v1.5.1/pico-sdk/src/rp2_common/pico_double/double_aeabi.S.obj
                0x100038e8                double2int_z
                0x100038e8                __wrap___aeabi_d2iz
 .text.__wrap___aeabi_d2uiz
                0x10003930       0x18 CMakeFiles/base_pico.dir/C_/Program_Files/Raspberry_Pi/Pico_SDK_v1.5.1/pico-sdk/src/rp2_common/pico_double/double_aeabi.S.obj
                0x10003930                __wrap___aeabi_d2uiz
                0x10003930                double2uint
 .text.__aeabi_double_init
                0x10003948       0xc8 CMakeFiles/base_pico.dir/C_/Program_Files/Raspberry_Pi/Pico_SDK_v1.5.1/pico-sdk/src/rp2_common/pico_double/double_init_rom.c.obj
                0x10003948                __aeabi_double_init
 .text.double_table_shim_on_use_helper
                0x10003a10       0x34 CMakeFiles/base_pico.dir/C_/Program_Files/Raspberry_Pi/Pico_SDK_v1.5.1/pico-sdk/src/rp2_common/pico_double/double_v1_rom_shim.S.obj
                0x10003a10                double_table_shim_on_use_helper
 .text.__wrap___aeabi_dsub
                0x10003a44       0x10 CMakeFiles/base_pico.dir/C_/Program_Files/Raspberry_Pi/Pico_SDK_v1.5.1/pico-sdk/src/rp2_common/pico_double/double_v1_rom_shim.S.obj
                0x10003a44                drsub_shim
                0x10003a4a                dsub_shim
 .text.dadd_shim
                0x10003a54      0x15c CMakeFiles/base_pico.dir/C_/Program_Files/Raspberry_Pi/Pico_SDK_v1.5.1/pico-sdk/src/rp2_common/pico_double/double_v1_rom_shim.S.obj
                0x10003a54                dadd_shim
 .text.dmul_shim
                0x10003bb0      0x15c CMakeFiles/base_pico.dir/C_/Program_Files/Raspberry_Pi/Pico_SDK_v1.5.1/pico-sdk/src/rp2_common/pico_double/double_v1_rom_shim.S.obj
                0x10003bb0                dmul_shim
 .text.ddiv_shim
                0x10003d0c      0x1b0 CMakeFiles/base_pico.dir/C_/Program_Files/Raspberry_Pi/Pico_SDK_v1.5.1/pico-sdk/src/rp2_common/pico_double/double_v1_rom_shim.S.obj
                0x10003d0c                ddiv_shim
 .text.double2uint_shim
                0x10003ebc        0xe CMakeFiles/base_pico.dir/C_/Program_Files/Raspberry_Pi/Pico_SDK_v1.5.1/pico-sdk/src/rp2_common/pico_double/double_v1_rom_shim.S.obj
                0x10003ebc                double2uint_shim
                0x10003ebe                double2ufix_shim
 *fill*         0x10003eca        0x2 
 .text.double2uint64_shim
                0x10003ecc       0x70 CMakeFiles/base_pico.dir/C_/Program_Files/Raspberry_Pi/Pico_SDK_v1.5.1/pico-sdk/src/rp2_common/pico_double/double_v1_rom_shim.S.obj
                0x10003ecc                double2uint64_shim
                0x10003ece                double2ufix64_shim
                0x10003eee                d2fix_a
 .text.dunpacks
                0x10003f3c       0x3c CMakeFiles/base_pico.dir/C_/Program_Files/Raspberry_Pi/Pico_SDK_v1.5.1/pico-sdk/src/rp2_common/pico_double/double_v1_rom_shim.S.obj
                0x10003f3c                dunpacks
 .text.__aeabi_float_init
                0x10003f78       0xfc CMakeFiles/base_pico.dir/C_/Program_Files/Raspberry_Pi/Pico_SDK_v1.5.1/pico-sdk/src/rp2_common/pico_float/float_init_rom.c.obj
                0x10003f78                __aeabi_float_init
 .text.float_table_shim_on_use_helper
                0x10004074       0x34 CMakeFiles/base_pico.dir/C_/Program_Files/Raspberry_Pi/Pico_SDK_v1.5.1/pico-sdk/src/rp2_common/pico_float/float_v1_rom_shim.S.obj
                0x10004074                float_table_shim_on_use_helper
 .text          0x100040a8       0x10 CMakeFiles/base_pico.dir/C_/Program_Files/Raspberry_Pi/Pico_SDK_v1.5.1/pico-sdk/src/rp2_common/pico_mem_ops/mem_ops_aeabi.S.obj
                0x100040a8                __aeabi_mem_init
 .text.memcpy   0x100040b8        0xc CMakeFiles/base_pico.dir/C_/Program_Files/Raspberry_Pi/Pico_SDK_v1.5.1/pico-sdk/src/rp2_common/pico_mem_ops/mem_ops_aeabi.S.obj
                0x100040b8                __wrap_memcpy
                0x100040b8                __wrap___aeabi_memcpy
 .text.stdio_out_chars_no_crlf
                0x100040c4        0xe CMakeFiles/base_pico.dir/C_/Program_Files/Raspberry_Pi/Pico_SDK_v1.5.1/pico-sdk/src/rp2_common/pico_stdio/stdio.c.obj
 *fill*         0x100040d2        0x2 
 .text.stdio_out_chars_crlf
                0x100040d4       0x80 CMakeFiles/base_pico.dir/C_/Program_Files/Raspberry_Pi/Pico_SDK_v1.5.1/pico-sdk/src/rp2_common/pico_stdio/stdio.c.obj
 .text.stdio_stack_buffer_flush
                0x10004154       0x44 CMakeFiles/base_pico.dir/C_/Program_Files/Raspberry_Pi/Pico_SDK_v1.5.1/pico-sdk/src/rp2_common/pico_stdio/stdio.c.obj
 .text.stdio_buffered_printer
                0x10004198       0x20 CMakeFiles/base_pico.dir/C_/Program_Files/Raspberry_Pi/Pico_SDK_v1.5.1/pico-sdk/src/rp2_common/pico_stdio/stdio.c.obj
 .text.stdout_serialize_begin
                0x100041b8       0x5c CMakeFiles/base_pico.dir/C_/Program_Files/Raspberry_Pi/Pico_SDK_v1.5.1/pico-sdk/src/rp2_common/pico_stdio/stdio.c.obj
                0x100041b8                stdout_serialize_begin
 .text.stdout_serialize_end
                0x10004214       0x10 CMakeFiles/base_pico.dir/C_/Program_Files/Raspberry_Pi/Pico_SDK_v1.5.1/pico-sdk/src/rp2_common/pico_stdio/stdio.c.obj
                0x10004214                stdout_serialize_end
 .text.stdio_put_string
                0x10004224       0x98 CMakeFiles/base_pico.dir/C_/Program_Files/Raspberry_Pi/Pico_SDK_v1.5.1/pico-sdk/src/rp2_common/pico_stdio/stdio.c.obj
 .text.stdio_set_driver_enabled
                0x100042bc       0x2c CMakeFiles/base_pico.dir/C_/Program_Files/Raspberry_Pi/Pico_SDK_v1.5.1/pico-sdk/src/rp2_common/pico_stdio/stdio.c.obj
                0x100042bc                stdio_set_driver_enabled
 .text.stdio_flush
                0x100042e8       0x20 CMakeFiles/base_pico.dir/C_/Program_Files/Raspberry_Pi/Pico_SDK_v1.5.1/pico-sdk/src/rp2_common/pico_stdio/stdio.c.obj
                0x100042e8                stdio_flush
 .text.__wrap_puts
                0x10004308       0x1e CMakeFiles/base_pico.dir/C_/Program_Files/Raspberry_Pi/Pico_SDK_v1.5.1/pico-sdk/src/rp2_common/pico_stdio/stdio.c.obj
                0x10004308                __wrap_puts
 *fill*         0x10004326        0x2 
 .text.__wrap_vprintf
                0x10004328       0x40 CMakeFiles/base_pico.dir/C_/Program_Files/Raspberry_Pi/Pico_SDK_v1.5.1/pico-sdk/src/rp2_common/pico_stdio/stdio.c.obj
                0x10004328                __wrap_vprintf
 .text.__wrap_printf
                0x10004368       0x18 CMakeFiles/base_pico.dir/C_/Program_Files/Raspberry_Pi/Pico_SDK_v1.5.1/pico-sdk/src/rp2_common/pico_stdio/stdio.c.obj
                0x10004368                __wrap_printf
 .text.stdio_init_all
                0x10004380        0xa CMakeFiles/base_pico.dir/C_/Program_Files/Raspberry_Pi/Pico_SDK_v1.5.1/pico-sdk/src/rp2_common/pico_stdio/stdio.c.obj
                0x10004380                stdio_init_all
 *fill*         0x1000438a        0x2 
 .text.stdio_uart_out_chars
                0x1000438c       0x74 CMakeFiles/base_pico.dir/C_/Program_Files/Raspberry_Pi/Pico_SDK_v1.5.1/pico-sdk/src/rp2_common/pico_stdio_uart/stdio_uart.c.obj
 .text.stdio_uart_in_chars
                0x10004400       0x80 CMakeFiles/base_pico.dir/C_/Program_Files/Raspberry_Pi/Pico_SDK_v1.5.1/pico-sdk/src/rp2_common/pico_stdio_uart/stdio_uart.c.obj
                0x10004400                stdio_uart_in_chars
 .text.on_uart_rx
                0x10004480       0x28 CMakeFiles/base_pico.dir/C_/Program_Files/Raspberry_Pi/Pico_SDK_v1.5.1/pico-sdk/src/rp2_common/pico_stdio_uart/stdio_uart.c.obj
 .text.stdio_uart_set_chars_available_callback
                0x100044a8       0x8c CMakeFiles/base_pico.dir/C_/Program_Files/Raspberry_Pi/Pico_SDK_v1.5.1/pico-sdk/src/rp2_common/pico_stdio_uart/stdio_uart.c.obj
 .text.stdio_uart_init_full
                0x10004534       0x44 CMakeFiles/base_pico.dir/C_/Program_Files/Raspberry_Pi/Pico_SDK_v1.5.1/pico-sdk/src/rp2_common/pico_stdio_uart/stdio_uart.c.obj
                0x10004534                stdio_uart_init_full
 .text.stdio_uart_init
                0x10004578       0x28 CMakeFiles/base_pico.dir/C_/Program_Files/Raspberry_Pi/Pico_SDK_v1.5.1/pico-sdk/src/rp2_common/pico_stdio_uart/stdio_uart.c.obj
                0x10004578                stdio_uart_init
 .text.strlen   0x100045a0       0x5c c:/progra~1/raspbe~1/picosd~1.1/gcc-ar~1/bin/../lib/gcc/arm-none-eabi/10.3.1/../../../../arm-none-eabi/lib/thumb/v6-m/nofp\libg.a(lib_a-strlen-stub.o)
                0x100045a0                strlen
 *(.fini)
 .fini          0x100045fc        0x4 c:/progra~1/raspbe~1/picosd~1.1/gcc-ar~1/bin/../lib/gcc/arm-none-eabi/10.3.1/thumb/v6-m/nofp/crti.o
                0x100045fc                _fini
 .fini.__stub   0x10004600       0x40 linker stubs
 *crtbegin.o(.ctors)
 *crtbegin?.o(.ctors)
 *(EXCLUDE_FILE(*crtend.o *crtend?.o) .ctors)
 *(SORT_BY_NAME(.ctors.*))
 *(.ctors)
 *crtbegin.o(.dtors)
 *crtbegin?.o(.dtors)
 *(EXCLUDE_FILE(*crtend.o *crtend?.o) .dtors)
 *(SORT_BY_NAME(.dtors.*))
 *(.dtors)
 *(.eh_frame*)
 .eh_frame      0x10004640        0x0 c:/progra~1/raspbe~1/picosd~1.1/gcc-ar~1/bin/../lib/gcc/arm-none-eabi/10.3.1/thumb/v6-m/nofp/crtbegin.o
                0x10004640                . = ALIGN (0x4)

.glue_7         0x10004640        0x0
 .glue_7        0x10004640        0x0 linker stubs

.glue_7t        0x10004640        0x0
 .glue_7t       0x10004640        0x0 linker stubs

.vfp11_veneer   0x10004640        0x0
 .vfp11_veneer  0x10004640        0x0 linker stubs

.v4_bx          0x10004640        0x0
 .v4_bx         0x10004640        0x0 linker stubs

.iplt           0x10004640        0x0
 .iplt          0x10004640        0x0 c:/progra~1/raspbe~1/picosd~1.1/gcc-ar~1/bin/../lib/gcc/arm-none-eabi/10.3.1/thumb/v6-m/nofp/crtbegin.o

.rodata         0x10004640     0x1040
 *(EXCLUDE_FILE(*libm.a: *libc.a:*lib_a-mem*.o *libgcc.a:) .rodata*)
 .rodata.make_branch.str1.4
                0x10004640       0x89 CMakeFiles/base_pico.dir/C_/Program_Files/Raspberry_Pi/Pico_SDK_v1.5.1/pico-sdk/src/rp2_common/hardware_irq/irq.c.obj
 *fill*         0x100046c9        0x3 
 .rodata.insert_branch_and_link.str1.4
                0x100046cc       0x10 CMakeFiles/base_pico.dir/C_/Program_Files/Raspberry_Pi/Pico_SDK_v1.5.1/pico-sdk/src/rp2_common/hardware_irq/irq.c.obj
 .rodata.irq_set_exclusive_handler.str1.4
                0x100046dc       0x36 CMakeFiles/base_pico.dir/C_/Program_Files/Raspberry_Pi/Pico_SDK_v1.5.1/pico-sdk/src/rp2_common/hardware_irq/irq.c.obj
 *fill*         0x10004712        0x2 
 .rodata.irq_add_shared_handler.str1.4
                0x10004714       0xd9 CMakeFiles/base_pico.dir/C_/Program_Files/Raspberry_Pi/Pico_SDK_v1.5.1/pico-sdk/src/rp2_common/hardware_irq/irq.c.obj
 *fill*         0x100047ed        0x3 
 .rodata.irq_remove_handler.str1.4
                0x100047f0       0x3a CMakeFiles/base_pico.dir/C_/Program_Files/Raspberry_Pi/Pico_SDK_v1.5.1/pico-sdk/src/rp2_common/hardware_irq/irq.c.obj
 *fill*         0x1000482a        0x2 
 .rodata.irq_add_tail_to_free_list.str1.4
                0x1000482c       0x3a CMakeFiles/base_pico.dir/C_/Program_Files/Raspberry_Pi/Pico_SDK_v1.5.1/pico-sdk/src/rp2_common/hardware_irq/irq.c.obj
 *fill*         0x10004866        0x2 
 .rodata.__func__.0
                0x10004868       0x1a CMakeFiles/base_pico.dir/C_/Program_Files/Raspberry_Pi/Pico_SDK_v1.5.1/pico-sdk/src/rp2_common/hardware_irq/irq.c.obj
 *fill*         0x10004882        0x2 
 .rodata.__func__.1
                0x10004884       0x17 CMakeFiles/base_pico.dir/C_/Program_Files/Raspberry_Pi/Pico_SDK_v1.5.1/pico-sdk/src/rp2_common/hardware_irq/irq.c.obj
 *fill*         0x1000489b        0x1 
 .rodata.__func__.2
                0x1000489c       0x13 CMakeFiles/base_pico.dir/C_/Program_Files/Raspberry_Pi/Pico_SDK_v1.5.1/pico-sdk/src/rp2_common/hardware_irq/irq.c.obj
 *fill*         0x100048af        0x1 
 .rodata.__func__.3
                0x100048b0        0xc CMakeFiles/base_pico.dir/C_/Program_Files/Raspberry_Pi/Pico_SDK_v1.5.1/pico-sdk/src/rp2_common/hardware_irq/irq.c.obj
 .rodata.__func__.4
                0x100048bc        0xf CMakeFiles/base_pico.dir/C_/Program_Files/Raspberry_Pi/Pico_SDK_v1.5.1/pico-sdk/src/rp2_common/hardware_irq/irq.c.obj
 *fill*         0x100048cb        0x1 
 .rodata.__func__.6
                0x100048cc       0x1a CMakeFiles/base_pico.dir/C_/Program_Files/Raspberry_Pi/Pico_SDK_v1.5.1/pico-sdk/src/rp2_common/hardware_irq/irq.c.obj
 *fill*         0x100048e6        0x2 
 .rodata.str1.4
                0x100048e8      0x125 CMakeFiles/base_pico.dir/C_/Program_Files/Raspberry_Pi/Pico_SDK_v1.5.1/pico-sdk/src/common/pico_sync/mutex.c.obj
 *fill*         0x10004a0d        0x3 
 .rodata.__func__.1
                0x10004a10        0xb CMakeFiles/base_pico.dir/C_/Program_Files/Raspberry_Pi/Pico_SDK_v1.5.1/pico-sdk/src/common/pico_sync/mutex.c.obj
 *fill*         0x10004a1b        0x1 
 .rodata.__func__.3
                0x10004a1c       0x18 CMakeFiles/base_pico.dir/C_/Program_Files/Raspberry_Pi/Pico_SDK_v1.5.1/pico-sdk/src/common/pico_sync/mutex.c.obj
 .rodata.repeating_timer_callback.str1.4
                0x10004a34       0x67 CMakeFiles/base_pico.dir/C_/Program_Files/Raspberry_Pi/Pico_SDK_v1.5.1/pico-sdk/src/common/pico_time/time.c.obj
 *fill*         0x10004a9b        0x1 
 .rodata.timer_pool_entry_comparator.str1.4
                0x10004a9c       0x22 CMakeFiles/base_pico.dir/C_/Program_Files/Raspberry_Pi/Pico_SDK_v1.5.1/pico-sdk/src/common/pico_time/time.c.obj
 *fill*         0x10004abe        0x2 
 .rodata.ph_add_child_node.str1.4
                0x10004ac0       0xb2 CMakeFiles/base_pico.dir/C_/Program_Files/Raspberry_Pi/Pico_SDK_v1.5.1/pico-sdk/src/common/pico_time/time.c.obj
 *fill*         0x10004b72        0x2 
 .rodata.add_alarm_under_lock.str1.4
                0x10004b74       0x28 CMakeFiles/base_pico.dir/C_/Program_Files/Raspberry_Pi/Pico_SDK_v1.5.1/pico-sdk/src/common/pico_time/time.c.obj
                                 0x2b (size before relaxing)
 .rodata.alarm_pool_alarm_callback.str1.4
                0x10004b9c       0x98 CMakeFiles/base_pico.dir/C_/Program_Files/Raspberry_Pi/Pico_SDK_v1.5.1/pico-sdk/src/common/pico_time/time.c.obj
                                0x118 (size before relaxing)
 .rodata.alarm_pool_get_default.str1.4
                0x10004c34       0x21 CMakeFiles/base_pico.dir/C_/Program_Files/Raspberry_Pi/Pico_SDK_v1.5.1/pico-sdk/src/common/pico_time/time.c.obj
 *fill*         0x10004c55        0x3 
 .rodata.alarm_pool_cancel_alarm.str1.4
                0x10004c58       0x27 CMakeFiles/base_pico.dir/C_/Program_Files/Raspberry_Pi/Pico_SDK_v1.5.1/pico-sdk/src/common/pico_time/time.c.obj
 *fill*         0x10004c7f        0x1 
 .rodata.__func__.1
                0x10004c80       0x18 CMakeFiles/base_pico.dir/C_/Program_Files/Raspberry_Pi/Pico_SDK_v1.5.1/pico-sdk/src/common/pico_time/time.c.obj
 .rodata.__func__.10
                0x10004c98       0x15 CMakeFiles/base_pico.dir/C_/Program_Files/Raspberry_Pi/Pico_SDK_v1.5.1/pico-sdk/src/common/pico_time/time.c.obj
 *fill*         0x10004cad        0x3 
 .rodata.__func__.11
                0x10004cb0       0x1a CMakeFiles/base_pico.dir/C_/Program_Files/Raspberry_Pi/Pico_SDK_v1.5.1/pico-sdk/src/common/pico_time/time.c.obj
 *fill*         0x10004cca        0x2 
 .rodata.__func__.12
                0x10004ccc        0xa CMakeFiles/base_pico.dir/C_/Program_Files/Raspberry_Pi/Pico_SDK_v1.5.1/pico-sdk/src/common/pico_time/time.c.obj
 *fill*         0x10004cd6        0x2 
 .rodata.__func__.3
                0x10004cd8       0x17 CMakeFiles/base_pico.dir/C_/Program_Files/Raspberry_Pi/Pico_SDK_v1.5.1/pico-sdk/src/common/pico_time/time.c.obj
 *fill*         0x10004cef        0x1 
 .rodata.__func__.4
                0x10004cf0       0x12 CMakeFiles/base_pico.dir/C_/Program_Files/Raspberry_Pi/Pico_SDK_v1.5.1/pico-sdk/src/common/pico_time/time.c.obj
 *fill*         0x10004d02        0x2 
 .rodata.__func__.5
                0x10004d04        0xd CMakeFiles/base_pico.dir/C_/Program_Files/Raspberry_Pi/Pico_SDK_v1.5.1/pico-sdk/src/common/pico_time/time.c.obj
 *fill*         0x10004d11        0x3 
 .rodata.__func__.6
                0x10004d14       0x12 CMakeFiles/base_pico.dir/C_/Program_Files/Raspberry_Pi/Pico_SDK_v1.5.1/pico-sdk/src/common/pico_time/time.c.obj
 *fill*         0x10004d26        0x2 
 .rodata.__func__.7
                0x10004d28        0xf CMakeFiles/base_pico.dir/C_/Program_Files/Raspberry_Pi/Pico_SDK_v1.5.1/pico-sdk/src/common/pico_time/time.c.obj
 *fill*         0x10004d37        0x1 
 .rodata.__func__.8
                0x10004d38        0xc CMakeFiles/base_pico.dir/C_/Program_Files/Raspberry_Pi/Pico_SDK_v1.5.1/pico-sdk/src/common/pico_time/time.c.obj
 .rodata.__func__.9
                0x10004d44       0x15 CMakeFiles/base_pico.dir/C_/Program_Files/Raspberry_Pi/Pico_SDK_v1.5.1/pico-sdk/src/common/pico_time/time.c.obj
 *fill*         0x10004d59        0x3 
 .rodata.hardware_alarm_claim.str1.4
                0x10004d5c       0x22 CMakeFiles/base_pico.dir/C_/Program_Files/Raspberry_Pi/Pico_SDK_v1.5.1/pico-sdk/src/rp2_common/hardware_timer/timer.c.obj
 .rodata.busy_wait_us.str1.4
                0x10004d7e       0x7d CMakeFiles/base_pico.dir/C_/Program_Files/Raspberry_Pi/Pico_SDK_v1.5.1/pico-sdk/src/rp2_common/hardware_timer/timer.c.obj
 *fill*         0x10004d7e        0x2 
 .rodata.hardware_alarm_set_target.str1.4
                0x10004d80       0x81 CMakeFiles/base_pico.dir/C_/Program_Files/Raspberry_Pi/Pico_SDK_v1.5.1/pico-sdk/src/rp2_common/hardware_timer/timer.c.obj
 *fill*         0x10004e01        0x3 
 .rodata.__func__.0
                0x10004e04       0x1a CMakeFiles/base_pico.dir/C_/Program_Files/Raspberry_Pi/Pico_SDK_v1.5.1/pico-sdk/src/rp2_common/hardware_timer/timer.c.obj
 *fill*         0x10004e1e        0x2 
 .rodata.__func__.1
                0x10004e20       0x15 CMakeFiles/base_pico.dir/C_/Program_Files/Raspberry_Pi/Pico_SDK_v1.5.1/pico-sdk/src/rp2_common/hardware_timer/timer.c.obj
 .rodata.ph_add_child_node.str1.4
                0x10004e35       0xb2 CMakeFiles/base_pico.dir/C_/Program_Files/Raspberry_Pi/Pico_SDK_v1.5.1/pico-sdk/src/common/pico_util/pheap.c.obj
 *fill*         0x10004e35        0x3 
 .rodata.ph_remove_any_head.str1.4
                0x10004e38       0xa8 CMakeFiles/base_pico.dir/C_/Program_Files/Raspberry_Pi/Pico_SDK_v1.5.1/pico-sdk/src/common/pico_util/pheap.c.obj
                                 0xbc (size before relaxing)
 .rodata.ph_remove_and_free_node.str1.4
                0x10004ee0       0x1e CMakeFiles/base_pico.dir/C_/Program_Files/Raspberry_Pi/Pico_SDK_v1.5.1/pico-sdk/src/common/pico_util/pheap.c.obj
                                 0x26 (size before relaxing)
 *fill*         0x10004efe        0x2 
 .rodata.__func__.0
                0x10004f00       0x18 CMakeFiles/base_pico.dir/C_/Program_Files/Raspberry_Pi/Pico_SDK_v1.5.1/pico-sdk/src/common/pico_util/pheap.c.obj
 .rodata.__func__.1
                0x10004f18       0x13 CMakeFiles/base_pico.dir/C_/Program_Files/Raspberry_Pi/Pico_SDK_v1.5.1/pico-sdk/src/common/pico_util/pheap.c.obj
 *fill*         0x10004f2b        0x1 
 .rodata.__func__.2
                0x10004f2c       0x12 CMakeFiles/base_pico.dir/C_/Program_Files/Raspberry_Pi/Pico_SDK_v1.5.1/pico-sdk/src/common/pico_util/pheap.c.obj
 *fill*         0x10004f3e        0x2 
 .rodata.__func__.3
                0x10004f40        0xc CMakeFiles/base_pico.dir/C_/Program_Files/Raspberry_Pi/Pico_SDK_v1.5.1/pico-sdk/src/common/pico_util/pheap.c.obj
 .rodata.clock_configure.str1.4
                0x10004f4c       0x73 CMakeFiles/base_pico.dir/C_/Program_Files/Raspberry_Pi/Pico_SDK_v1.5.1/pico-sdk/src/rp2_common/hardware_clocks/clocks.c.obj
 *fill*         0x10004fbf        0x1 
 .rodata.__func__.1
                0x10004fc0       0x10 CMakeFiles/base_pico.dir/C_/Program_Files/Raspberry_Pi/Pico_SDK_v1.5.1/pico-sdk/src/rp2_common/hardware_clocks/clocks.c.obj
 .rodata.pll_init.str1.4
                0x10004fd0      0x140 CMakeFiles/base_pico.dir/C_/Program_Files/Raspberry_Pi/Pico_SDK_v1.5.1/pico-sdk/src/rp2_common/hardware_pll/pll.c.obj
 .rodata.__func__.0
                0x10005110        0x9 CMakeFiles/base_pico.dir/C_/Program_Files/Raspberry_Pi/Pico_SDK_v1.5.1/pico-sdk/src/rp2_common/hardware_pll/pll.c.obj
 *fill*         0x10005119        0x3 
 .rodata.__assert_func.str1.4
                0x1000511c       0x3f CMakeFiles/base_pico.dir/C_/Program_Files/Raspberry_Pi/Pico_SDK_v1.5.1/pico-sdk/src/rp2_common/pico_runtime/runtime.c.obj
                                 0x43 (size before relaxing)
 *fill*         0x1000515b        0x1 
 .rodata.runtime_init.str1.4
                0x1000515c       0x7d CMakeFiles/base_pico.dir/C_/Program_Files/Raspberry_Pi/Pico_SDK_v1.5.1/pico-sdk/src/rp2_common/pico_runtime/runtime.c.obj
 *fill*         0x100051d9        0x3 
 .rodata.panic.str1.4
                0x100051dc       0x12 CMakeFiles/base_pico.dir/C_/Program_Files/Raspberry_Pi/Pico_SDK_v1.5.1/pico-sdk/src/rp2_common/pico_runtime/runtime.c.obj
 *fill*         0x100051ee        0x2 
 .rodata.__func__.2
                0x100051f0        0xd CMakeFiles/base_pico.dir/C_/Program_Files/Raspberry_Pi/Pico_SDK_v1.5.1/pico-sdk/src/rp2_common/pico_runtime/runtime.c.obj
 *fill*         0x100051fd        0x3 
 .rodata._ftoa.str1.4
                0x10005200       0x15 CMakeFiles/base_pico.dir/C_/Program_Files/Raspberry_Pi/Pico_SDK_v1.5.1/pico-sdk/src/rp2_common/pico_printf/printf.c.obj
 *fill*         0x10005215        0x3 
 .rodata._vsnprintf
                0x10005218      0x1e0 CMakeFiles/base_pico.dir/C_/Program_Files/Raspberry_Pi/Pico_SDK_v1.5.1/pico-sdk/src/rp2_common/pico_printf/printf.c.obj
 .rodata.pow10.0
                0x100053f8       0x50 CMakeFiles/base_pico.dir/C_/Program_Files/Raspberry_Pi/Pico_SDK_v1.5.1/pico-sdk/src/rp2_common/pico_printf/printf.c.obj
 .rodata.__aeabi_double_init.str1.4
                0x10005448       0xb8 CMakeFiles/base_pico.dir/C_/Program_Files/Raspberry_Pi/Pico_SDK_v1.5.1/pico-sdk/src/rp2_common/pico_double/double_init_rom.c.obj
 .rodata.__func__.0
                0x10005500       0x14 CMakeFiles/base_pico.dir/C_/Program_Files/Raspberry_Pi/Pico_SDK_v1.5.1/pico-sdk/src/rp2_common/pico_double/double_init_rom.c.obj
 .rodata.__aeabi_float_init.str1.4
                0x10005514       0x96 CMakeFiles/base_pico.dir/C_/Program_Files/Raspberry_Pi/Pico_SDK_v1.5.1/pico-sdk/src/rp2_common/pico_float/float_init_rom.c.obj
                                 0x9a (size before relaxing)
 *fill*         0x100055aa        0x2 
 .rodata.__func__.0
                0x100055ac       0x13 CMakeFiles/base_pico.dir/C_/Program_Files/Raspberry_Pi/Pico_SDK_v1.5.1/pico-sdk/src/rp2_common/pico_float/float_init_rom.c.obj
 *fill*         0x100055bf        0x1 
 .rodata.str1.4
                0x100055c0       0x40 CMakeFiles/base_pico.dir/C_/Program_Files/Raspberry_Pi/Pico_SDK_v1.5.1/pico-sdk/src/rp2_common/pico_standard_link/binary_info.c.obj
 .rodata.__bi_44
                0x10005600        0xc CMakeFiles/base_pico.dir/C_/Program_Files/Raspberry_Pi/Pico_SDK_v1.5.1/pico-sdk/src/rp2_common/pico_standard_link/binary_info.c.obj
 .rodata.__bi_75
                0x1000560c        0xc CMakeFiles/base_pico.dir/C_/Program_Files/Raspberry_Pi/Pico_SDK_v1.5.1/pico-sdk/src/rp2_common/pico_standard_link/binary_info.c.obj
 .rodata.__bi_81
                0x10005618        0xc CMakeFiles/base_pico.dir/C_/Program_Files/Raspberry_Pi/Pico_SDK_v1.5.1/pico-sdk/src/rp2_common/pico_standard_link/binary_info.c.obj
 .rodata.stdout_serialize_begin.str1.4
                0x10005624       0x7d CMakeFiles/base_pico.dir/C_/Program_Files/Raspberry_Pi/Pico_SDK_v1.5.1/pico-sdk/src/rp2_common/pico_stdio/stdio.c.obj
 .rodata.__func__.3
                0x10005624       0x15 CMakeFiles/base_pico.dir/C_/Program_Files/Raspberry_Pi/Pico_SDK_v1.5.1/pico-sdk/src/rp2_common/pico_stdio/stdio.c.obj
 *fill*         0x10005639        0x3 
 .rodata.crlf_str.2
                0x1000563c        0x2 CMakeFiles/base_pico.dir/C_/Program_Files/Raspberry_Pi/Pico_SDK_v1.5.1/pico-sdk/src/rp2_common/pico_stdio/stdio.c.obj
 *fill*         0x1000563e        0x2 
 .rodata.str1.4
                0x10005640       0x2c CMakeFiles/base_pico.dir/C_/Program_Files/Raspberry_Pi/Pico_SDK_v1.5.1/pico-sdk/src/rp2_common/pico_stdio_uart/stdio_uart.c.obj
 .rodata.__bi_33.4
                0x1000566c        0xc CMakeFiles/base_pico.dir/C_/Program_Files/Raspberry_Pi/Pico_SDK_v1.5.1/pico-sdk/src/rp2_common/pico_stdio_uart/stdio_uart.c.obj
 .rodata.__bi_34.5
                0x10005678        0x8 CMakeFiles/base_pico.dir/C_/Program_Files/Raspberry_Pi/Pico_SDK_v1.5.1/pico-sdk/src/rp2_common/pico_stdio_uart/stdio_uart.c.obj
                0x10005680                . = ALIGN (0x4)
 *(SORT_BY_ALIGNMENT(SORT_BY_NAME(.flashdata*)))
                0x10005680                . = ALIGN (0x4)

.ARM.extab
 *(.ARM.extab* .gnu.linkonce.armextab.*)
                0x10005680                __exidx_start = .

.ARM.exidx
 *(.ARM.exidx* .gnu.linkonce.armexidx.*)
                0x10005680                __exidx_end = .
                0x10005680                . = ALIGN (0x4)
                0x10005680                __binary_info_start = .

.binary_info    0x10005680       0x24
 *(.binary_info.keep.*)
 .binary_info.keep.__bi_ptr22
                0x10005680        0x4 CMakeFiles/base_pico.dir/C_/Program_Files/Raspberry_Pi/Pico_SDK_v1.5.1/pico-sdk/src/rp2_common/pico_standard_link/binary_info.c.obj
 .binary_info.keep.__bi_ptr30
                0x10005684        0x4 CMakeFiles/base_pico.dir/C_/Program_Files/Raspberry_Pi/Pico_SDK_v1.5.1/pico-sdk/src/rp2_common/pico_standard_link/binary_info.c.obj
 .binary_info.keep.__bi_ptr38
                0x10005688        0x4 CMakeFiles/base_pico.dir/C_/Program_Files/Raspberry_Pi/Pico_SDK_v1.5.1/pico-sdk/src/rp2_common/pico_standard_link/binary_info.c.obj
 .binary_info.keep.__bi_ptr44
                0x1000568c        0x4 CMakeFiles/base_pico.dir/C_/Program_Files/Raspberry_Pi/Pico_SDK_v1.5.1/pico-sdk/src/rp2_common/pico_standard_link/binary_info.c.obj
 .binary_info.keep.__bi_ptr50
                0x10005690        0x4 CMakeFiles/base_pico.dir/C_/Program_Files/Raspberry_Pi/Pico_SDK_v1.5.1/pico-sdk/src/rp2_common/pico_standard_link/binary_info.c.obj
 .binary_info.keep.__bi_ptr75
                0x10005694        0x4 CMakeFiles/base_pico.dir/C_/Program_Files/Raspberry_Pi/Pico_SDK_v1.5.1/pico-sdk/src/rp2_common/pico_standard_link/binary_info.c.obj
 .binary_info.keep.__bi_ptr81
                0x10005698        0x4 CMakeFiles/base_pico.dir/C_/Program_Files/Raspberry_Pi/Pico_SDK_v1.5.1/pico-sdk/src/rp2_common/pico_standard_link/binary_info.c.obj
 *(.binary_info.*)
 .binary_info.__bi_ptr33
                0x1000569c        0x4 CMakeFiles/base_pico.dir/C_/Program_Files/Raspberry_Pi/Pico_SDK_v1.5.1/pico-sdk/src/rp2_common/pico_stdio_uart/stdio_uart.c.obj
 .binary_info.__bi_ptr34
                0x100056a0        0x4 CMakeFiles/base_pico.dir/C_/Program_Files/Raspberry_Pi/Pico_SDK_v1.5.1/pico-sdk/src/rp2_common/pico_stdio_uart/stdio_uart.c.obj
                0x100056a4                __binary_info_end = .

.rel.dyn        0x100056a4        0x0
 .rel.iplt      0x100056a4        0x0 c:/progra~1/raspbe~1/picosd~1.1/gcc-ar~1/bin/../lib/gcc/arm-none-eabi/10.3.1/thumb/v6-m/nofp/crtbegin.o
                0x100056a4                . = ALIGN (0x4)

.ram_vector_table
                0x20000000       0xc0
 *(.ram_vector_table)
 .ram_vector_table
                0x20000000       0xc0 CMakeFiles/base_pico.dir/C_/Program_Files/Raspberry_Pi/Pico_SDK_v1.5.1/pico-sdk/src/rp2_common/pico_runtime/runtime.c.obj
                0x20000000                ram_vector_table

.data           0x200000c0      0x244 load address 0x100056a4
                0x200000c0                __data_start__ = .
 *(vtable)
 *(.time_critical*)
 .time_critical.mutex_try_enter
                0x200000c0       0x46 CMakeFiles/base_pico.dir/C_/Program_Files/Raspberry_Pi/Pico_SDK_v1.5.1/pico-sdk/src/common/pico_sync/mutex.c.obj
                0x200000c0                mutex_try_enter
 *fill*         0x20000106        0x2 
 .time_critical.mutex_enter_block_until
                0x20000108       0x8c CMakeFiles/base_pico.dir/C_/Program_Files/Raspberry_Pi/Pico_SDK_v1.5.1/pico-sdk/src/common/pico_sync/mutex.c.obj
                0x20000108                mutex_enter_block_until
 .time_critical.mutex_try_enter_block_until
                0x20000194       0x34 CMakeFiles/base_pico.dir/C_/Program_Files/Raspberry_Pi/Pico_SDK_v1.5.1/pico-sdk/src/common/pico_sync/mutex.c.obj
                0x20000194                mutex_try_enter_block_until
 .time_critical.mutex_exit
                0x200001c8       0x4c CMakeFiles/base_pico.dir/C_/Program_Files/Raspberry_Pi/Pico_SDK_v1.5.1/pico-sdk/src/common/pico_sync/mutex.c.obj
                0x200001c8                mutex_exit
 *(.text*)
 .text          0x20000214        0x4 c:/progra~1/raspbe~1/picosd~1.1/gcc-ar~1/bin/../lib/gcc/arm-none-eabi/10.3.1/thumb/v6-m/nofp\libgcc.a(_dvmd_tls.o)
                0x20000214                __aeabi_idiv0
                0x20000214                __aeabi_ldiv0
 .text.__stub   0x20000218       0x20 linker stubs
                0x20000238                . = ALIGN (0x4)
 *(.rodata*)
                0x20000238                . = ALIGN (0x4)
 *(.data*)
 .data.striped_spin_lock_num
                0x20000238        0x1 CMakeFiles/base_pico.dir/C_/Program_Files/Raspberry_Pi/Pico_SDK_v1.5.1/pico-sdk/src/rp2_common/hardware_sync/sync.c.obj
 *fill*         0x20000239        0x3 
 .data          0x2000023c       0x48 CMakeFiles/base_pico.dir/C_/Program_Files/Raspberry_Pi/Pico_SDK_v1.5.1/pico-sdk/src/rp2_common/hardware_irq/irq_handler_chain.S.obj
                0x2000023c                irq_handler_chain_slots
                0x2000026c                irq_handler_chain_first_slot
                0x20000276                irq_handler_chain_remove_tail
 .data.default_alarm_pool
                0x20000284       0x18 CMakeFiles/base_pico.dir/C_/Program_Files/Raspberry_Pi/Pico_SDK_v1.5.1/pico-sdk/src/common/pico_time/time.c.obj
 .data.default_alarm_pool_heap
                0x2000029c       0x10 CMakeFiles/base_pico.dir/C_/Program_Files/Raspberry_Pi/Pico_SDK_v1.5.1/pico-sdk/src/common/pico_time/time.c.obj
 *fill*         0x200002ac        0x4 
 .data.aeabi_bits_funcs
                0x200002b0       0x10 CMakeFiles/base_pico.dir/C_/Program_Files/Raspberry_Pi/Pico_SDK_v1.5.1/pico-sdk/src/rp2_common/pico_bit_ops/bit_ops_aeabi.S.obj
                0x200002b0                aeabi_bits_funcs
                0x200002c0                aeabi_bits_funcs_end
 .data.aeabi_mem_funcs
                0x200002c0       0x10 CMakeFiles/base_pico.dir/C_/Program_Files/Raspberry_Pi/Pico_SDK_v1.5.1/pico-sdk/src/rp2_common/pico_mem_ops/mem_ops_aeabi.S.obj
                0x200002c0                aeabi_mem_funcs
                0x200002d0                aeabi_mem_funcs_end
 .data.stdio_uart
                0x200002d0       0x18 CMakeFiles/base_pico.dir/C_/Program_Files/Raspberry_Pi/Pico_SDK_v1.5.1/pico-sdk/src/rp2_common/pico_stdio_uart/stdio_uart.c.obj
                0x200002d0                stdio_uart
                0x200002e8                . = ALIGN (0x4)
 *(.after_data.*)
                0x200002e8                . = ALIGN (0x4)
                0x200002e8                PROVIDE (__mutex_array_start = .)
 *(SORT_BY_NAME(.mutex_array.*))
 *(.mutex_array)
 .mutex_array   0x200002e8        0x8 CMakeFiles/base_pico.dir/C_/Program_Files/Raspberry_Pi/Pico_SDK_v1.5.1/pico-sdk/src/rp2_common/pico_stdio/stdio.c.obj
                0x200002f0                PROVIDE (__mutex_array_end = .)
                0x200002f0                . = ALIGN (0x4)
                0x200002f0                PROVIDE (__preinit_array_start = .)
 *(SORT_BY_NAME(.preinit_array.*))
 .preinit_array.00001
                0x200002f0        0x4 CMakeFiles/base_pico.dir/C_/Program_Files/Raspberry_Pi/Pico_SDK_v1.5.1/pico-sdk/src/rp2_common/pico_mem_ops/mem_ops_aeabi.S.obj
 .preinit_array.00010
                0x200002f4        0x4 CMakeFiles/base_pico.dir/C_/Program_Files/Raspberry_Pi/Pico_SDK_v1.5.1/pico-sdk/src/rp2_common/pico_bit_ops/bit_ops_aeabi.S.obj
 .preinit_array.00020
                0x200002f8        0x4 CMakeFiles/base_pico.dir/C_/Program_Files/Raspberry_Pi/Pico_SDK_v1.5.1/pico-sdk/src/rp2_common/pico_double/double_aeabi.S.obj
 .preinit_array.00020
                0x200002fc        0x4 CMakeFiles/base_pico.dir/C_/Program_Files/Raspberry_Pi/Pico_SDK_v1.5.1/pico-sdk/src/rp2_common/pico_float/float_aeabi.S.obj
 *(.preinit_array)
                0x20000300                PROVIDE (__preinit_array_end = .)
                0x20000300                . = ALIGN (0x4)
                0x20000300                PROVIDE (__init_array_start = .)
 *(SORT_BY_NAME(.init_array.*))
 *(.init_array)
 .init_array    0x20000300        0x4 c:/progra~1/raspbe~1/picosd~1.1/gcc-ar~1/bin/../lib/gcc/arm-none-eabi/10.3.1/thumb/v6-m/nofp/crtbegin.o
                0x20000304                PROVIDE (__init_array_end = .)
                0x20000304                . = ALIGN (0x4)
                [!provide]                PROVIDE (__fini_array_start = .)
 *(SORT_BY_NAME(.fini_array.*))
 *(.fini_array)
                [!provide]                PROVIDE (__fini_array_end = .)
 *(.jcr)
                0x20000304                . = ALIGN (0x4)
                0x20000304                __data_end__ = .
                0x100056a4                __etext = LOADADDR (.data)

.igot.plt       0x20000304        0x0 load address 0x100058e8
 .igot.plt      0x20000304        0x0 c:/progra~1/raspbe~1/picosd~1.1/gcc-ar~1/bin/../lib/gcc/arm-none-eabi/10.3.1/thumb/v6-m/nofp/crtbegin.o

.uninitialized_data
                0x20000304        0x0 load address 0x100058e8
                0x20000304                . = ALIGN (0x4)
 *(.uninitialized_data*)

.scratch_x      0x20040000        0x0 load address 0x100058e8
                0x20040000                __scratch_x_start__ = .
 *(.scratch_x.*)
                0x20040000                . = ALIGN (0x4)
                0x20040000                __scratch_x_end__ = .
                0x100058e8                __scratch_x_source__ = LOADADDR (.scratch_x)

.scratch_y      0x20041000        0x0 load address 0x100058e8
                0x20041000                __scratch_y_start__ = .
 *(.scratch_y.*)
                0x20041000                . = ALIGN (0x4)
                0x20041000                __scratch_y_end__ = .
                0x100058e8                __scratch_y_source__ = LOADADDR (.scratch_y)

.bss            0x20000308      0x3e0
                0x20000308                . = ALIGN (0x4)
                0x20000308                __bss_start__ = .
 *(SORT_BY_ALIGNMENT(SORT_BY_NAME(.bss*)))
 .bss.default_alarm_pool_entries
                0x20000308      0x100 CMakeFiles/base_pico.dir/C_/Program_Files/Raspberry_Pi/Pico_SDK_v1.5.1/pico-sdk/src/common/pico_time/time.c.obj
 .bss           0x20000408       0x1c c:/progra~1/raspbe~1/picosd~1.1/gcc-ar~1/bin/../lib/gcc/arm-none-eabi/10.3.1/thumb/v6-m/nofp/crtbegin.o
 .bss.alarm_callbacks
                0x20000424       0x10 CMakeFiles/base_pico.dir/C_/Program_Files/Raspberry_Pi/Pico_SDK_v1.5.1/pico-sdk/src/rp2_common/hardware_timer/timer.c.obj
 .bss.chars_available_callback
                0x20000434        0x4 CMakeFiles/base_pico.dir/C_/Program_Files/Raspberry_Pi/Pico_SDK_v1.5.1/pico-sdk/src/rp2_common/pico_stdio_uart/stdio_uart.c.obj
 .bss.chars_available_param
                0x20000438        0x4 CMakeFiles/base_pico.dir/C_/Program_Files/Raspberry_Pi/Pico_SDK_v1.5.1/pico-sdk/src/rp2_common/pico_stdio_uart/stdio_uart.c.obj
 .bss.configured_freq
                0x2000043c       0x28 CMakeFiles/base_pico.dir/C_/Program_Files/Raspberry_Pi/Pico_SDK_v1.5.1/pico-sdk/src/rp2_common/hardware_clocks/clocks.c.obj
 .bss.default_alarm_pool_entry_ids_high
                0x20000464       0x10 CMakeFiles/base_pico.dir/C_/Program_Files/Raspberry_Pi/Pico_SDK_v1.5.1/pico-sdk/src/common/pico_time/time.c.obj
 .bss.default_alarm_pool_heap_nodes
                0x20000474       0x30 CMakeFiles/base_pico.dir/C_/Program_Files/Raspberry_Pi/Pico_SDK_v1.5.1/pico-sdk/src/common/pico_time/time.c.obj
 .bss.drivers   0x200004a4        0x4 CMakeFiles/base_pico.dir/C_/Program_Files/Raspberry_Pi/Pico_SDK_v1.5.1/pico-sdk/src/rp2_common/pico_stdio/stdio.c.obj
 .bss.filter    0x200004a8        0x4 CMakeFiles/base_pico.dir/C_/Program_Files/Raspberry_Pi/Pico_SDK_v1.5.1/pico-sdk/src/rp2_common/pico_stdio/stdio.c.obj
 .bss.pools     0x200004ac       0x10 CMakeFiles/base_pico.dir/C_/Program_Files/Raspberry_Pi/Pico_SDK_v1.5.1/pico-sdk/src/common/pico_time/time.c.obj
 .bss.sd_table  0x200004bc      0x100 CMakeFiles/base_pico.dir/C_/Program_Files/Raspberry_Pi/Pico_SDK_v1.5.1/pico-sdk/src/rp2_common/pico_double/double_init_rom.c.obj
                0x200004bc                sd_table
 .bss.sf_clz_func
                0x200005bc        0x4 CMakeFiles/base_pico.dir/C_/Program_Files/Raspberry_Pi/Pico_SDK_v1.5.1/pico-sdk/src/rp2_common/pico_double/double_init_rom.c.obj
                0x200005bc                sf_clz_func
 .bss.sf_table  0x200005c0      0x100 CMakeFiles/base_pico.dir/C_/Program_Files/Raspberry_Pi/Pico_SDK_v1.5.1/pico-sdk/src/rp2_common/pico_float/float_init_rom.c.obj
                0x200005c0                sf_table
 .bss.sleep_notifier
                0x200006c0        0x4 CMakeFiles/base_pico.dir/C_/Program_Files/Raspberry_Pi/Pico_SDK_v1.5.1/pico-sdk/src/common/pico_time/time.c.obj
 .bss.target_hi
                0x200006c4       0x10 CMakeFiles/base_pico.dir/C_/Program_Files/Raspberry_Pi/Pico_SDK_v1.5.1/pico-sdk/src/rp2_common/hardware_timer/timer.c.obj
 .bss.u32_tick_count
                0x200006d4        0x4 CMakeFiles/base_pico.dir/systick.c.obj
                0x200006d4                u32_tick_count
 .bss.uart_char_to_line_feed
                0x200006d8        0x4 CMakeFiles/base_pico.dir/C_/Program_Files/Raspberry_Pi/Pico_SDK_v1.5.1/pico-sdk/src/rp2_common/hardware_uart/uart.c.obj
                0x200006d8                uart_char_to_line_feed
 .bss.uart_instance
                0x200006dc        0x4 CMakeFiles/base_pico.dir/C_/Program_Files/Raspberry_Pi/Pico_SDK_v1.5.1/pico-sdk/src/rp2_common/pico_stdio_uart/stdio_uart.c.obj
 .bss.chan      0x200006e0        0x2 CMakeFiles/base_pico.dir/main.c.obj
                0x200006e0                chan
 .bss.slice     0x200006e2        0x2 CMakeFiles/base_pico.dir/main.c.obj
                0x200006e2                slice
 .bss.claimed   0x200006e4        0x1 CMakeFiles/base_pico.dir/C_/Program_Files/Raspberry_Pi/Pico_SDK_v1.5.1/pico-sdk/src/rp2_common/hardware_timer/timer.c.obj
 .bss.comando   0x200006e5        0x1 CMakeFiles/base_pico.dir/main.c.obj
                0x200006e5                comando
 .bss.irq_hander_chain_free_slot_head
                0x200006e6        0x1 CMakeFiles/base_pico.dir/C_/Program_Files/Raspberry_Pi/Pico_SDK_v1.5.1/pico-sdk/src/rp2_common/hardware_irq/irq.c.obj
 .bss.timer_callbacks_pending
                0x200006e7        0x1 CMakeFiles/base_pico.dir/C_/Program_Files/Raspberry_Pi/Pico_SDK_v1.5.1/pico-sdk/src/rp2_common/hardware_timer/timer.c.obj
 *(COMMON)
                0x200006e8                . = ALIGN (0x4)
                0x200006e8                __bss_end__ = .

.heap           0x200006e8      0x800
                0x200006e8                __end__ = .
                0x200006e8                end = __end__
 *(.heap*)
 .heap          0x200006e8      0x800 CMakeFiles/base_pico.dir/C_/Program_Files/Raspberry_Pi/Pico_SDK_v1.5.1/pico-sdk/src/rp2_common/pico_standard_link/crt0.S.obj
                0x20000ee8                __HeapLimit = .

.stack1_dummy   0x20040000        0x0
 *(.stack1*)

.stack_dummy    0x20041000      0x800
 *(.stack*)
 .stack         0x20041000      0x800 CMakeFiles/base_pico.dir/C_/Program_Files/Raspberry_Pi/Pico_SDK_v1.5.1/pico-sdk/src/rp2_common/pico_standard_link/crt0.S.obj

.flash_end      0x100058e8        0x0
                0x100058e8                PROVIDE (__flash_binary_end = .)
                0x20040000                __StackLimit = (ORIGIN (RAM) + LENGTH (RAM))
                0x20041000                __StackOneTop = (ORIGIN (SCRATCH_X) + LENGTH (SCRATCH_X))
                0x20042000                __StackTop = (ORIGIN (SCRATCH_Y) + LENGTH (SCRATCH_Y))
                0x20041000                __StackOneBottom = (__StackOneTop - SIZEOF (.stack1_dummy))
                0x20041800                __StackBottom = (__StackTop - SIZEOF (.stack_dummy))
                0x20042000                PROVIDE (__stack = __StackTop)
                0x00000001                ASSERT ((__StackLimit >= __HeapLimit), region RAM overflowed)
                0x00000001                ASSERT (((__binary_info_header_end - __logical_binary_start) <= 0x100), Binary info must be in first 256 bytes of the binary)
LOAD CMakeFiles/base_pico.dir/main.c.obj
LOAD CMakeFiles/base_pico.dir/systick.c.obj
LOAD CMakeFiles/base_pico.dir/C_/Program_Files/Raspberry_Pi/Pico_SDK_v1.5.1/pico-sdk/src/rp2_common/pico_stdlib/stdlib.c.obj
LOAD CMakeFiles/base_pico.dir/C_/Program_Files/Raspberry_Pi/Pico_SDK_v1.5.1/pico-sdk/src/rp2_common/hardware_gpio/gpio.c.obj
LOAD CMakeFiles/base_pico.dir/C_/Program_Files/Raspberry_Pi/Pico_SDK_v1.5.1/pico-sdk/src/rp2_common/pico_platform/platform.c.obj
LOAD CMakeFiles/base_pico.dir/C_/Program_Files/Raspberry_Pi/Pico_SDK_v1.5.1/pico-sdk/src/rp2_common/hardware_claim/claim.c.obj
LOAD CMakeFiles/base_pico.dir/C_/Program_Files/Raspberry_Pi/Pico_SDK_v1.5.1/pico-sdk/src/rp2_common/hardware_sync/sync.c.obj
LOAD CMakeFiles/base_pico.dir/C_/Program_Files/Raspberry_Pi/Pico_SDK_v1.5.1/pico-sdk/src/rp2_common/hardware_irq/irq.c.obj
LOAD CMakeFiles/base_pico.dir/C_/Program_Files/Raspberry_Pi/Pico_SDK_v1.5.1/pico-sdk/src/rp2_common/hardware_irq/irq_handler_chain.S.obj
LOAD CMakeFiles/base_pico.dir/C_/Program_Files/Raspberry_Pi/Pico_SDK_v1.5.1/pico-sdk/src/common/pico_sync/sem.c.obj
LOAD CMakeFiles/base_pico.dir/C_/Program_Files/Raspberry_Pi/Pico_SDK_v1.5.1/pico-sdk/src/common/pico_sync/lock_core.c.obj
LOAD CMakeFiles/base_pico.dir/C_/Program_Files/Raspberry_Pi/Pico_SDK_v1.5.1/pico-sdk/src/common/pico_sync/mutex.c.obj
LOAD CMakeFiles/base_pico.dir/C_/Program_Files/Raspberry_Pi/Pico_SDK_v1.5.1/pico-sdk/src/common/pico_sync/critical_section.c.obj
LOAD CMakeFiles/base_pico.dir/C_/Program_Files/Raspberry_Pi/Pico_SDK_v1.5.1/pico-sdk/src/common/pico_time/time.c.obj
LOAD CMakeFiles/base_pico.dir/C_/Program_Files/Raspberry_Pi/Pico_SDK_v1.5.1/pico-sdk/src/common/pico_time/timeout_helper.c.obj
LOAD CMakeFiles/base_pico.dir/C_/Program_Files/Raspberry_Pi/Pico_SDK_v1.5.1/pico-sdk/src/rp2_common/hardware_timer/timer.c.obj
LOAD CMakeFiles/base_pico.dir/C_/Program_Files/Raspberry_Pi/Pico_SDK_v1.5.1/pico-sdk/src/common/pico_util/datetime.c.obj
LOAD CMakeFiles/base_pico.dir/C_/Program_Files/Raspberry_Pi/Pico_SDK_v1.5.1/pico-sdk/src/common/pico_util/pheap.c.obj
LOAD CMakeFiles/base_pico.dir/C_/Program_Files/Raspberry_Pi/Pico_SDK_v1.5.1/pico-sdk/src/common/pico_util/queue.c.obj
LOAD CMakeFiles/base_pico.dir/C_/Program_Files/Raspberry_Pi/Pico_SDK_v1.5.1/pico-sdk/src/rp2_common/hardware_uart/uart.c.obj
LOAD CMakeFiles/base_pico.dir/C_/Program_Files/Raspberry_Pi/Pico_SDK_v1.5.1/pico-sdk/src/rp2_common/hardware_clocks/clocks.c.obj
LOAD CMakeFiles/base_pico.dir/C_/Program_Files/Raspberry_Pi/Pico_SDK_v1.5.1/pico-sdk/src/rp2_common/hardware_pll/pll.c.obj
LOAD CMakeFiles/base_pico.dir/C_/Program_Files/Raspberry_Pi/Pico_SDK_v1.5.1/pico-sdk/src/rp2_common/hardware_vreg/vreg.c.obj
LOAD CMakeFiles/base_pico.dir/C_/Program_Files/Raspberry_Pi/Pico_SDK_v1.5.1/pico-sdk/src/rp2_common/hardware_watchdog/watchdog.c.obj
LOAD CMakeFiles/base_pico.dir/C_/Program_Files/Raspberry_Pi/Pico_SDK_v1.5.1/pico-sdk/src/rp2_common/hardware_xosc/xosc.c.obj
LOAD CMakeFiles/base_pico.dir/C_/Program_Files/Raspberry_Pi/Pico_SDK_v1.5.1/pico-sdk/src/rp2_common/hardware_divider/divider.S.obj
LOAD CMakeFiles/base_pico.dir/C_/Program_Files/Raspberry_Pi/Pico_SDK_v1.5.1/pico-sdk/src/rp2_common/pico_runtime/runtime.c.obj
LOAD CMakeFiles/base_pico.dir/C_/Program_Files/Raspberry_Pi/Pico_SDK_v1.5.1/pico-sdk/src/rp2_common/pico_printf/printf.c.obj
LOAD CMakeFiles/base_pico.dir/C_/Program_Files/Raspberry_Pi/Pico_SDK_v1.5.1/pico-sdk/src/rp2_common/pico_bit_ops/bit_ops_aeabi.S.obj
LOAD CMakeFiles/base_pico.dir/C_/Program_Files/Raspberry_Pi/Pico_SDK_v1.5.1/pico-sdk/src/rp2_common/pico_bootrom/bootrom.c.obj
LOAD CMakeFiles/base_pico.dir/C_/Program_Files/Raspberry_Pi/Pico_SDK_v1.5.1/pico-sdk/src/rp2_common/pico_divider/divider.S.obj
LOAD CMakeFiles/base_pico.dir/C_/Program_Files/Raspberry_Pi/Pico_SDK_v1.5.1/pico-sdk/src/rp2_common/pico_double/double_aeabi.S.obj
LOAD CMakeFiles/base_pico.dir/C_/Program_Files/Raspberry_Pi/Pico_SDK_v1.5.1/pico-sdk/src/rp2_common/pico_double/double_init_rom.c.obj
LOAD CMakeFiles/base_pico.dir/C_/Program_Files/Raspberry_Pi/Pico_SDK_v1.5.1/pico-sdk/src/rp2_common/pico_double/double_math.c.obj
LOAD CMakeFiles/base_pico.dir/C_/Program_Files/Raspberry_Pi/Pico_SDK_v1.5.1/pico-sdk/src/rp2_common/pico_double/double_v1_rom_shim.S.obj
LOAD CMakeFiles/base_pico.dir/C_/Program_Files/Raspberry_Pi/Pico_SDK_v1.5.1/pico-sdk/src/rp2_common/pico_int64_ops/pico_int64_ops_aeabi.S.obj
LOAD CMakeFiles/base_pico.dir/C_/Program_Files/Raspberry_Pi/Pico_SDK_v1.5.1/pico-sdk/src/rp2_common/pico_float/float_aeabi.S.obj
LOAD CMakeFiles/base_pico.dir/C_/Program_Files/Raspberry_Pi/Pico_SDK_v1.5.1/pico-sdk/src/rp2_common/pico_float/float_init_rom.c.obj
LOAD CMakeFiles/base_pico.dir/C_/Program_Files/Raspberry_Pi/Pico_SDK_v1.5.1/pico-sdk/src/rp2_common/pico_float/float_math.c.obj
LOAD CMakeFiles/base_pico.dir/C_/Program_Files/Raspberry_Pi/Pico_SDK_v1.5.1/pico-sdk/src/rp2_common/pico_float/float_v1_rom_shim.S.obj
LOAD CMakeFiles/base_pico.dir/C_/Program_Files/Raspberry_Pi/Pico_SDK_v1.5.1/pico-sdk/src/rp2_common/pico_malloc/pico_malloc.c.obj
LOAD CMakeFiles/base_pico.dir/C_/Program_Files/Raspberry_Pi/Pico_SDK_v1.5.1/pico-sdk/src/rp2_common/pico_mem_ops/mem_ops_aeabi.S.obj
LOAD CMakeFiles/base_pico.dir/C_/Program_Files/Raspberry_Pi/Pico_SDK_v1.5.1/pico-sdk/src/rp2_common/pico_standard_link/crt0.S.obj
LOAD CMakeFiles/base_pico.dir/C_/Program_Files/Raspberry_Pi/Pico_SDK_v1.5.1/pico-sdk/src/rp2_common/pico_standard_link/new_delete.cpp.obj
LOAD CMakeFiles/base_pico.dir/C_/Program_Files/Raspberry_Pi/Pico_SDK_v1.5.1/pico-sdk/src/rp2_common/pico_standard_link/binary_info.c.obj
LOAD CMakeFiles/base_pico.dir/C_/Program_Files/Raspberry_Pi/Pico_SDK_v1.5.1/pico-sdk/src/rp2_common/pico_stdio/stdio.c.obj
LOAD CMakeFiles/base_pico.dir/C_/Program_Files/Raspberry_Pi/Pico_SDK_v1.5.1/pico-sdk/src/rp2_common/pico_stdio_uart/stdio_uart.c.obj
LOAD C:\Users\Ale\AppData\Local\Temp\ccESjzDt.o
LOAD c:/progra~1/raspbe~1/picosd~1.1/gcc-ar~1/bin/../lib/gcc/arm-none-eabi/10.3.1/../../../../arm-none-eabi/lib/thumb/v6-m/nofp\libstdc++.a
LOAD c:/progra~1/raspbe~1/picosd~1.1/gcc-ar~1/bin/../lib/gcc/arm-none-eabi/10.3.1/../../../../arm-none-eabi/lib/thumb/v6-m/nofp\libm.a
START GROUP
LOAD c:/progra~1/raspbe~1/picosd~1.1/gcc-ar~1/bin/../lib/gcc/arm-none-eabi/10.3.1/thumb/v6-m/nofp\libgcc.a
LOAD c:/progra~1/raspbe~1/picosd~1.1/gcc-ar~1/bin/../lib/gcc/arm-none-eabi/10.3.1/../../../../arm-none-eabi/lib/thumb/v6-m/nofp\libg.a
LOAD c:/progra~1/raspbe~1/picosd~1.1/gcc-ar~1/bin/../lib/gcc/arm-none-eabi/10.3.1/../../../../arm-none-eabi/lib/thumb/v6-m/nofp\libc.a
END GROUP
START GROUP
LOAD c:/progra~1/raspbe~1/picosd~1.1/gcc-ar~1/bin/../lib/gcc/arm-none-eabi/10.3.1/thumb/v6-m/nofp\libgcc.a
LOAD c:/progra~1/raspbe~1/picosd~1.1/gcc-ar~1/bin/../lib/gcc/arm-none-eabi/10.3.1/../../../../arm-none-eabi/lib/thumb/v6-m/nofp\libc.a
LOAD c:/progra~1/raspbe~1/picosd~1.1/gcc-ar~1/bin/../lib/gcc/arm-none-eabi/10.3.1/../../../../arm-none-eabi/lib/thumb/v6-m/nofp\libnosys.a
END GROUP
LOAD c:/progra~1/raspbe~1/picosd~1.1/gcc-ar~1/bin/../lib/gcc/arm-none-eabi/10.3.1/thumb/v6-m/nofp/crtend.o
LOAD c:/progra~1/raspbe~1/picosd~1.1/gcc-ar~1/bin/../lib/gcc/arm-none-eabi/10.3.1/thumb/v6-m/nofp/crtn.o
OUTPUT(base_pico.elf elf32-littlearm)
LOAD linker stubs

.ARM.attributes
                0x00000000       0x28
 .ARM.attributes
                0x00000000       0x1e c:/progra~1/raspbe~1/picosd~1.1/gcc-ar~1/bin/../lib/gcc/arm-none-eabi/10.3.1/thumb/v6-m/nofp/crti.o
 .ARM.attributes
                0x0000001e       0x2c c:/progra~1/raspbe~1/picosd~1.1/gcc-ar~1/bin/../lib/gcc/arm-none-eabi/10.3.1/thumb/v6-m/nofp/crtbegin.o
 .ARM.attributes
                0x0000004a       0x2c CMakeFiles/base_pico.dir/main.c.obj
 .ARM.attributes
                0x00000076       0x2c CMakeFiles/base_pico.dir/systick.c.obj
 .ARM.attributes
                0x000000a2       0x2c CMakeFiles/base_pico.dir/C_/Program_Files/Raspberry_Pi/Pico_SDK_v1.5.1/pico-sdk/src/rp2_common/hardware_gpio/gpio.c.obj
 .ARM.attributes
                0x000000ce       0x2c CMakeFiles/base_pico.dir/C_/Program_Files/Raspberry_Pi/Pico_SDK_v1.5.1/pico-sdk/src/rp2_common/pico_platform/platform.c.obj
 .ARM.attributes
                0x000000fa       0x2c CMakeFiles/base_pico.dir/C_/Program_Files/Raspberry_Pi/Pico_SDK_v1.5.1/pico-sdk/src/rp2_common/hardware_claim/claim.c.obj
 .ARM.attributes
                0x00000126       0x2c CMakeFiles/base_pico.dir/C_/Program_Files/Raspberry_Pi/Pico_SDK_v1.5.1/pico-sdk/src/rp2_common/hardware_sync/sync.c.obj
 .ARM.attributes
                0x00000152       0x2c CMakeFiles/base_pico.dir/C_/Program_Files/Raspberry_Pi/Pico_SDK_v1.5.1/pico-sdk/src/rp2_common/hardware_irq/irq.c.obj
 .ARM.attributes
                0x0000017e       0x22 CMakeFiles/base_pico.dir/C_/Program_Files/Raspberry_Pi/Pico_SDK_v1.5.1/pico-sdk/src/rp2_common/hardware_irq/irq_handler_chain.S.obj
 .ARM.attributes
                0x000001a0       0x2c CMakeFiles/base_pico.dir/C_/Program_Files/Raspberry_Pi/Pico_SDK_v1.5.1/pico-sdk/src/common/pico_sync/lock_core.c.obj
 .ARM.attributes
                0x000001cc       0x2c CMakeFiles/base_pico.dir/C_/Program_Files/Raspberry_Pi/Pico_SDK_v1.5.1/pico-sdk/src/common/pico_sync/mutex.c.obj
 .ARM.attributes
                0x000001f8       0x2c CMakeFiles/base_pico.dir/C_/Program_Files/Raspberry_Pi/Pico_SDK_v1.5.1/pico-sdk/src/common/pico_time/time.c.obj
 .ARM.attributes
                0x00000224       0x2c CMakeFiles/base_pico.dir/C_/Program_Files/Raspberry_Pi/Pico_SDK_v1.5.1/pico-sdk/src/rp2_common/hardware_timer/timer.c.obj
 .ARM.attributes
                0x00000250       0x2c CMakeFiles/base_pico.dir/C_/Program_Files/Raspberry_Pi/Pico_SDK_v1.5.1/pico-sdk/src/common/pico_util/pheap.c.obj
 .ARM.attributes
                0x0000027c       0x2c CMakeFiles/base_pico.dir/C_/Program_Files/Raspberry_Pi/Pico_SDK_v1.5.1/pico-sdk/src/rp2_common/hardware_uart/uart.c.obj
 .ARM.attributes
                0x000002a8       0x2c CMakeFiles/base_pico.dir/C_/Program_Files/Raspberry_Pi/Pico_SDK_v1.5.1/pico-sdk/src/rp2_common/hardware_clocks/clocks.c.obj
 .ARM.attributes
                0x000002d4       0x2c CMakeFiles/base_pico.dir/C_/Program_Files/Raspberry_Pi/Pico_SDK_v1.5.1/pico-sdk/src/rp2_common/hardware_pll/pll.c.obj
 .ARM.attributes
                0x00000300       0x2c CMakeFiles/base_pico.dir/C_/Program_Files/Raspberry_Pi/Pico_SDK_v1.5.1/pico-sdk/src/rp2_common/hardware_watchdog/watchdog.c.obj
 .ARM.attributes
                0x0000032c       0x2c CMakeFiles/base_pico.dir/C_/Program_Files/Raspberry_Pi/Pico_SDK_v1.5.1/pico-sdk/src/rp2_common/hardware_xosc/xosc.c.obj
 .ARM.attributes
                0x00000358       0x2c CMakeFiles/base_pico.dir/C_/Program_Files/Raspberry_Pi/Pico_SDK_v1.5.1/pico-sdk/src/rp2_common/pico_runtime/runtime.c.obj
 .ARM.attributes
                0x00000384       0x2c CMakeFiles/base_pico.dir/C_/Program_Files/Raspberry_Pi/Pico_SDK_v1.5.1/pico-sdk/src/rp2_common/pico_printf/printf.c.obj
 .ARM.attributes
                0x000003b0       0x22 CMakeFiles/base_pico.dir/C_/Program_Files/Raspberry_Pi/Pico_SDK_v1.5.1/pico-sdk/src/rp2_common/pico_bit_ops/bit_ops_aeabi.S.obj
 .ARM.attributes
                0x000003d2       0x2c CMakeFiles/base_pico.dir/C_/Program_Files/Raspberry_Pi/Pico_SDK_v1.5.1/pico-sdk/src/rp2_common/pico_bootrom/bootrom.c.obj
 .ARM.attributes
                0x000003fe       0x22 CMakeFiles/base_pico.dir/C_/Program_Files/Raspberry_Pi/Pico_SDK_v1.5.1/pico-sdk/src/rp2_common/pico_divider/divider.S.obj
 .ARM.attributes
                0x00000420       0x22 CMakeFiles/base_pico.dir/C_/Program_Files/Raspberry_Pi/Pico_SDK_v1.5.1/pico-sdk/src/rp2_common/pico_double/double_aeabi.S.obj
 .ARM.attributes
                0x00000442       0x2c CMakeFiles/base_pico.dir/C_/Program_Files/Raspberry_Pi/Pico_SDK_v1.5.1/pico-sdk/src/rp2_common/pico_double/double_init_rom.c.obj
 .ARM.attributes
                0x0000046e       0x22 CMakeFiles/base_pico.dir/C_/Program_Files/Raspberry_Pi/Pico_SDK_v1.5.1/pico-sdk/src/rp2_common/pico_double/double_v1_rom_shim.S.obj
 .ARM.attributes
                0x00000490       0x22 CMakeFiles/base_pico.dir/C_/Program_Files/Raspberry_Pi/Pico_SDK_v1.5.1/pico-sdk/src/rp2_common/pico_float/float_aeabi.S.obj
 .ARM.attributes
                0x000004b2       0x2c CMakeFiles/base_pico.dir/C_/Program_Files/Raspberry_Pi/Pico_SDK_v1.5.1/pico-sdk/src/rp2_common/pico_float/float_init_rom.c.obj
 .ARM.attributes
                0x000004de       0x22 CMakeFiles/base_pico.dir/C_/Program_Files/Raspberry_Pi/Pico_SDK_v1.5.1/pico-sdk/src/rp2_common/pico_float/float_v1_rom_shim.S.obj
 .ARM.attributes
                0x00000500       0x22 CMakeFiles/base_pico.dir/C_/Program_Files/Raspberry_Pi/Pico_SDK_v1.5.1/pico-sdk/src/rp2_common/pico_mem_ops/mem_ops_aeabi.S.obj
 .ARM.attributes
                0x00000522       0x22 CMakeFiles/base_pico.dir/C_/Program_Files/Raspberry_Pi/Pico_SDK_v1.5.1/pico-sdk/src/rp2_common/pico_standard_link/crt0.S.obj
 .ARM.attributes
                0x00000544       0x2c CMakeFiles/base_pico.dir/C_/Program_Files/Raspberry_Pi/Pico_SDK_v1.5.1/pico-sdk/src/rp2_common/pico_standard_link/binary_info.c.obj
 .ARM.attributes
                0x00000570       0x2c CMakeFiles/base_pico.dir/C_/Program_Files/Raspberry_Pi/Pico_SDK_v1.5.1/pico-sdk/src/rp2_common/pico_stdio/stdio.c.obj
 .ARM.attributes
                0x0000059c       0x2c CMakeFiles/base_pico.dir/C_/Program_Files/Raspberry_Pi/Pico_SDK_v1.5.1/pico-sdk/src/rp2_common/pico_stdio_uart/stdio_uart.c.obj
 .ARM.attributes
                0x000005c8       0x22 C:\Users\Ale\AppData\Local\Temp\ccESjzDt.o
 .ARM.attributes
                0x000005ea       0x1e c:/progra~1/raspbe~1/picosd~1.1/gcc-ar~1/bin/../lib/gcc/arm-none-eabi/10.3.1/thumb/v6-m/nofp\libgcc.a(_dvmd_tls.o)
 .ARM.attributes
                0x00000608       0x2c c:/progra~1/raspbe~1/picosd~1.1/gcc-ar~1/bin/../lib/gcc/arm-none-eabi/10.3.1/../../../../arm-none-eabi/lib/thumb/v6-m/nofp\libg.a(lib_a-strlen-stub.o)

.comment        0x00000000       0x49
 .comment       0x00000000       0x49 CMakeFiles/base_pico.dir/main.c.obj
                                 0x4a (size before relaxing)
 .comment       0x00000049       0x4a CMakeFiles/base_pico.dir/systick.c.obj
 .comment       0x00000049       0x4a CMakeFiles/base_pico.dir/C_/Program_Files/Raspberry_Pi/Pico_SDK_v1.5.1/pico-sdk/src/rp2_common/hardware_gpio/gpio.c.obj
 .comment       0x00000049       0x4a CMakeFiles/base_pico.dir/C_/Program_Files/Raspberry_Pi/Pico_SDK_v1.5.1/pico-sdk/src/rp2_common/pico_platform/platform.c.obj
 .comment       0x00000049       0x4a CMakeFiles/base_pico.dir/C_/Program_Files/Raspberry_Pi/Pico_SDK_v1.5.1/pico-sdk/src/rp2_common/hardware_claim/claim.c.obj
 .comment       0x00000049       0x4a CMakeFiles/base_pico.dir/C_/Program_Files/Raspberry_Pi/Pico_SDK_v1.5.1/pico-sdk/src/rp2_common/hardware_sync/sync.c.obj
 .comment       0x00000049       0x4a CMakeFiles/base_pico.dir/C_/Program_Files/Raspberry_Pi/Pico_SDK_v1.5.1/pico-sdk/src/rp2_common/hardware_irq/irq.c.obj
 .comment       0x00000049       0x4a CMakeFiles/base_pico.dir/C_/Program_Files/Raspberry_Pi/Pico_SDK_v1.5.1/pico-sdk/src/common/pico_sync/lock_core.c.obj
 .comment       0x00000049       0x4a CMakeFiles/base_pico.dir/C_/Program_Files/Raspberry_Pi/Pico_SDK_v1.5.1/pico-sdk/src/common/pico_sync/mutex.c.obj
 .comment       0x00000049       0x4a CMakeFiles/base_pico.dir/C_/Program_Files/Raspberry_Pi/Pico_SDK_v1.5.1/pico-sdk/src/common/pico_time/time.c.obj
 .comment       0x00000049       0x4a CMakeFiles/base_pico.dir/C_/Program_Files/Raspberry_Pi/Pico_SDK_v1.5.1/pico-sdk/src/rp2_common/hardware_timer/timer.c.obj
 .comment       0x00000049       0x4a CMakeFiles/base_pico.dir/C_/Program_Files/Raspberry_Pi/Pico_SDK_v1.5.1/pico-sdk/src/common/pico_util/pheap.c.obj
 .comment       0x00000049       0x4a CMakeFiles/base_pico.dir/C_/Program_Files/Raspberry_Pi/Pico_SDK_v1.5.1/pico-sdk/src/rp2_common/hardware_uart/uart.c.obj
 .comment       0x00000049       0x4a CMakeFiles/base_pico.dir/C_/Program_Files/Raspberry_Pi/Pico_SDK_v1.5.1/pico-sdk/src/rp2_common/hardware_clocks/clocks.c.obj
 .comment       0x00000049       0x4a CMakeFiles/base_pico.dir/C_/Program_Files/Raspberry_Pi/Pico_SDK_v1.5.1/pico-sdk/src/rp2_common/hardware_pll/pll.c.obj
 .comment       0x00000049       0x4a CMakeFiles/base_pico.dir/C_/Program_Files/Raspberry_Pi/Pico_SDK_v1.5.1/pico-sdk/src/rp2_common/hardware_watchdog/watchdog.c.obj
 .comment       0x00000049       0x4a CMakeFiles/base_pico.dir/C_/Program_Files/Raspberry_Pi/Pico_SDK_v1.5.1/pico-sdk/src/rp2_common/hardware_xosc/xosc.c.obj
 .comment       0x00000049       0x4a CMakeFiles/base_pico.dir/C_/Program_Files/Raspberry_Pi/Pico_SDK_v1.5.1/pico-sdk/src/rp2_common/pico_runtime/runtime.c.obj
 .comment       0x00000049       0x4a CMakeFiles/base_pico.dir/C_/Program_Files/Raspberry_Pi/Pico_SDK_v1.5.1/pico-sdk/src/rp2_common/pico_printf/printf.c.obj
 .comment       0x00000049       0x4a CMakeFiles/base_pico.dir/C_/Program_Files/Raspberry_Pi/Pico_SDK_v1.5.1/pico-sdk/src/rp2_common/pico_bootrom/bootrom.c.obj
 .comment       0x00000049       0x4a CMakeFiles/base_pico.dir/C_/Program_Files/Raspberry_Pi/Pico_SDK_v1.5.1/pico-sdk/src/rp2_common/pico_double/double_init_rom.c.obj
 .comment       0x00000049       0x4a CMakeFiles/base_pico.dir/C_/Program_Files/Raspberry_Pi/Pico_SDK_v1.5.1/pico-sdk/src/rp2_common/pico_float/float_init_rom.c.obj
 .comment       0x00000049       0x4a CMakeFiles/base_pico.dir/C_/Program_Files/Raspberry_Pi/Pico_SDK_v1.5.1/pico-sdk/src/rp2_common/pico_standard_link/binary_info.c.obj
 .comment       0x00000049       0x4a CMakeFiles/base_pico.dir/C_/Program_Files/Raspberry_Pi/Pico_SDK_v1.5.1/pico-sdk/src/rp2_common/pico_stdio/stdio.c.obj
 .comment       0x00000049       0x4a CMakeFiles/base_pico.dir/C_/Program_Files/Raspberry_Pi/Pico_SDK_v1.5.1/pico-sdk/src/rp2_common/pico_stdio_uart/stdio_uart.c.obj

.debug_info     0x00000000    0x16432
 .debug_info    0x00000000      0xd9d CMakeFiles/base_pico.dir/main.c.obj
 .debug_info    0x00000d9d      0x151 CMakeFiles/base_pico.dir/systick.c.obj
 .debug_info    0x00000eee     0x187e CMakeFiles/base_pico.dir/C_/Program_Files/Raspberry_Pi/Pico_SDK_v1.5.1/pico-sdk/src/rp2_common/hardware_gpio/gpio.c.obj
 .debug_info    0x0000276c      0x1e3 CMakeFiles/base_pico.dir/C_/Program_Files/Raspberry_Pi/Pico_SDK_v1.5.1/pico-sdk/src/rp2_common/pico_platform/platform.c.obj
 .debug_info    0x0000294f      0x6be CMakeFiles/base_pico.dir/C_/Program_Files/Raspberry_Pi/Pico_SDK_v1.5.1/pico-sdk/src/rp2_common/hardware_claim/claim.c.obj
 .debug_info    0x0000300d      0x58e CMakeFiles/base_pico.dir/C_/Program_Files/Raspberry_Pi/Pico_SDK_v1.5.1/pico-sdk/src/rp2_common/hardware_sync/sync.c.obj
 .debug_info    0x0000359b     0x1c9e CMakeFiles/base_pico.dir/C_/Program_Files/Raspberry_Pi/Pico_SDK_v1.5.1/pico-sdk/src/rp2_common/hardware_irq/irq.c.obj
 .debug_info    0x00005239      0x1a4 CMakeFiles/base_pico.dir/C_/Program_Files/Raspberry_Pi/Pico_SDK_v1.5.1/pico-sdk/src/common/pico_sync/lock_core.c.obj
 .debug_info    0x000053dd     0x20d5 CMakeFiles/base_pico.dir/C_/Program_Files/Raspberry_Pi/Pico_SDK_v1.5.1/pico-sdk/src/common/pico_sync/mutex.c.obj
 .debug_info    0x000074b2     0x4068 CMakeFiles/base_pico.dir/C_/Program_Files/Raspberry_Pi/Pico_SDK_v1.5.1/pico-sdk/src/common/pico_time/time.c.obj
 .debug_info    0x0000b51a     0x13f0 CMakeFiles/base_pico.dir/C_/Program_Files/Raspberry_Pi/Pico_SDK_v1.5.1/pico-sdk/src/rp2_common/hardware_timer/timer.c.obj
 .debug_info    0x0000c90a     0x123b CMakeFiles/base_pico.dir/C_/Program_Files/Raspberry_Pi/Pico_SDK_v1.5.1/pico-sdk/src/common/pico_util/pheap.c.obj
 .debug_info    0x0000db45      0xdd2 CMakeFiles/base_pico.dir/C_/Program_Files/Raspberry_Pi/Pico_SDK_v1.5.1/pico-sdk/src/rp2_common/hardware_uart/uart.c.obj
 .debug_info    0x0000e917      0xfcf CMakeFiles/base_pico.dir/C_/Program_Files/Raspberry_Pi/Pico_SDK_v1.5.1/pico-sdk/src/rp2_common/hardware_clocks/clocks.c.obj
 .debug_info    0x0000f8e6      0x51b CMakeFiles/base_pico.dir/C_/Program_Files/Raspberry_Pi/Pico_SDK_v1.5.1/pico-sdk/src/rp2_common/hardware_pll/pll.c.obj
 .debug_info    0x0000fe01      0x4ee CMakeFiles/base_pico.dir/C_/Program_Files/Raspberry_Pi/Pico_SDK_v1.5.1/pico-sdk/src/rp2_common/hardware_watchdog/watchdog.c.obj
 .debug_info    0x000102ef      0x1d8 CMakeFiles/base_pico.dir/C_/Program_Files/Raspberry_Pi/Pico_SDK_v1.5.1/pico-sdk/src/rp2_common/hardware_xosc/xosc.c.obj
 .debug_info    0x000104c7     0x1053 CMakeFiles/base_pico.dir/C_/Program_Files/Raspberry_Pi/Pico_SDK_v1.5.1/pico-sdk/src/rp2_common/pico_runtime/runtime.c.obj
 .debug_info    0x0001151a     0x1a5f CMakeFiles/base_pico.dir/C_/Program_Files/Raspberry_Pi/Pico_SDK_v1.5.1/pico-sdk/src/rp2_common/pico_printf/printf.c.obj
 .debug_info    0x00012f79       0x22 CMakeFiles/base_pico.dir/C_/Program_Files/Raspberry_Pi/Pico_SDK_v1.5.1/pico-sdk/src/rp2_common/pico_bit_ops/bit_ops_aeabi.S.obj
 .debug_info    0x00012f9b      0x27c CMakeFiles/base_pico.dir/C_/Program_Files/Raspberry_Pi/Pico_SDK_v1.5.1/pico-sdk/src/rp2_common/pico_bootrom/bootrom.c.obj
 .debug_info    0x00013217       0x22 CMakeFiles/base_pico.dir/C_/Program_Files/Raspberry_Pi/Pico_SDK_v1.5.1/pico-sdk/src/rp2_common/pico_divider/divider.S.obj
 .debug_info    0x00013239       0x22 CMakeFiles/base_pico.dir/C_/Program_Files/Raspberry_Pi/Pico_SDK_v1.5.1/pico-sdk/src/rp2_common/pico_double/double_aeabi.S.obj
 .debug_info    0x0001325b      0x2d1 CMakeFiles/base_pico.dir/C_/Program_Files/Raspberry_Pi/Pico_SDK_v1.5.1/pico-sdk/src/rp2_common/pico_double/double_init_rom.c.obj
 .debug_info    0x0001352c       0x22 CMakeFiles/base_pico.dir/C_/Program_Files/Raspberry_Pi/Pico_SDK_v1.5.1/pico-sdk/src/rp2_common/pico_double/double_v1_rom_shim.S.obj
 .debug_info    0x0001354e       0x22 CMakeFiles/base_pico.dir/C_/Program_Files/Raspberry_Pi/Pico_SDK_v1.5.1/pico-sdk/src/rp2_common/pico_float/float_aeabi.S.obj
 .debug_info    0x00013570      0x2eb CMakeFiles/base_pico.dir/C_/Program_Files/Raspberry_Pi/Pico_SDK_v1.5.1/pico-sdk/src/rp2_common/pico_float/float_init_rom.c.obj
 .debug_info    0x0001385b       0x22 CMakeFiles/base_pico.dir/C_/Program_Files/Raspberry_Pi/Pico_SDK_v1.5.1/pico-sdk/src/rp2_common/pico_float/float_v1_rom_shim.S.obj
 .debug_info    0x0001387d       0x22 CMakeFiles/base_pico.dir/C_/Program_Files/Raspberry_Pi/Pico_SDK_v1.5.1/pico-sdk/src/rp2_common/pico_mem_ops/mem_ops_aeabi.S.obj
 .debug_info    0x0001389f       0x22 CMakeFiles/base_pico.dir/C_/Program_Files/Raspberry_Pi/Pico_SDK_v1.5.1/pico-sdk/src/rp2_common/pico_standard_link/crt0.S.obj
 .debug_info    0x000138c1      0x2fb CMakeFiles/base_pico.dir/C_/Program_Files/Raspberry_Pi/Pico_SDK_v1.5.1/pico-sdk/src/rp2_common/pico_standard_link/binary_info.c.obj
 .debug_info    0x00013bbc     0x1827 CMakeFiles/base_pico.dir/C_/Program_Files/Raspberry_Pi/Pico_SDK_v1.5.1/pico-sdk/src/rp2_common/pico_stdio/stdio.c.obj
 .debug_info    0x000153e3     0x104f CMakeFiles/base_pico.dir/C_/Program_Files/Raspberry_Pi/Pico_SDK_v1.5.1/pico-sdk/src/rp2_common/pico_stdio_uart/stdio_uart.c.obj

.debug_abbrev   0x00000000     0x4443
 .debug_abbrev  0x00000000      0x2ef CMakeFiles/base_pico.dir/main.c.obj
 .debug_abbrev  0x000002ef       0xc1 CMakeFiles/base_pico.dir/systick.c.obj
 .debug_abbrev  0x000003b0      0x379 CMakeFiles/base_pico.dir/C_/Program_Files/Raspberry_Pi/Pico_SDK_v1.5.1/pico-sdk/src/rp2_common/hardware_gpio/gpio.c.obj
 .debug_abbrev  0x00000729       0xeb CMakeFiles/base_pico.dir/C_/Program_Files/Raspberry_Pi/Pico_SDK_v1.5.1/pico-sdk/src/rp2_common/pico_platform/platform.c.obj
 .debug_abbrev  0x00000814      0x2e9 CMakeFiles/base_pico.dir/C_/Program_Files/Raspberry_Pi/Pico_SDK_v1.5.1/pico-sdk/src/rp2_common/hardware_claim/claim.c.obj
 .debug_abbrev  0x00000afd      0x21b CMakeFiles/base_pico.dir/C_/Program_Files/Raspberry_Pi/Pico_SDK_v1.5.1/pico-sdk/src/rp2_common/hardware_sync/sync.c.obj
 .debug_abbrev  0x00000d18      0x4e7 CMakeFiles/base_pico.dir/C_/Program_Files/Raspberry_Pi/Pico_SDK_v1.5.1/pico-sdk/src/rp2_common/hardware_irq/irq.c.obj
 .debug_abbrev  0x000011ff      0x116 CMakeFiles/base_pico.dir/C_/Program_Files/Raspberry_Pi/Pico_SDK_v1.5.1/pico-sdk/src/common/pico_sync/lock_core.c.obj
 .debug_abbrev  0x00001315      0x397 CMakeFiles/base_pico.dir/C_/Program_Files/Raspberry_Pi/Pico_SDK_v1.5.1/pico-sdk/src/common/pico_sync/mutex.c.obj
 .debug_abbrev  0x000016ac      0x571 CMakeFiles/base_pico.dir/C_/Program_Files/Raspberry_Pi/Pico_SDK_v1.5.1/pico-sdk/src/common/pico_time/time.c.obj
 .debug_abbrev  0x00001c1d      0x3b8 CMakeFiles/base_pico.dir/C_/Program_Files/Raspberry_Pi/Pico_SDK_v1.5.1/pico-sdk/src/rp2_common/hardware_timer/timer.c.obj
 .debug_abbrev  0x00001fd5      0x297 CMakeFiles/base_pico.dir/C_/Program_Files/Raspberry_Pi/Pico_SDK_v1.5.1/pico-sdk/src/common/pico_util/pheap.c.obj
 .debug_abbrev  0x0000226c      0x31c CMakeFiles/base_pico.dir/C_/Program_Files/Raspberry_Pi/Pico_SDK_v1.5.1/pico-sdk/src/rp2_common/hardware_uart/uart.c.obj
 .debug_abbrev  0x00002588      0x3c7 CMakeFiles/base_pico.dir/C_/Program_Files/Raspberry_Pi/Pico_SDK_v1.5.1/pico-sdk/src/rp2_common/hardware_clocks/clocks.c.obj
 .debug_abbrev  0x0000294f      0x1ea CMakeFiles/base_pico.dir/C_/Program_Files/Raspberry_Pi/Pico_SDK_v1.5.1/pico-sdk/src/rp2_common/hardware_pll/pll.c.obj
 .debug_abbrev  0x00002b39      0x1a8 CMakeFiles/base_pico.dir/C_/Program_Files/Raspberry_Pi/Pico_SDK_v1.5.1/pico-sdk/src/rp2_common/hardware_watchdog/watchdog.c.obj
 .debug_abbrev  0x00002ce1      0x109 CMakeFiles/base_pico.dir/C_/Program_Files/Raspberry_Pi/Pico_SDK_v1.5.1/pico-sdk/src/rp2_common/hardware_xosc/xosc.c.obj